ARM Linker, 5.03 [Build 76] [MDK-ARM Standard]

==============================================================================

Section Cross References

    startup_stm32f10x_hd.o(RESET) refers to startup_stm32f10x_hd.o(STACK) for __initial_sp
    startup_stm32f10x_hd.o(RESET) refers to startup_stm32f10x_hd.o(.text) for Reset_Handler
    startup_stm32f10x_hd.o(RESET) refers to stm32f10x_it.o(.text) for NMI_Handler
    startup_stm32f10x_hd.o(RESET) refers to main.o(.text) for TIM2_IRQHandler
    startup_stm32f10x_hd.o(.text) refers to system_stm32f10x.o(.text) for SystemInit
    startup_stm32f10x_hd.o(.text) refers to entry.o(.ARM.Collect$$$$00000000) for __main
    stm32f10x_gpio.o(.text) refers to stm32f10x_rcc.o(.text) for RCC_APB2PeriphResetCmd
    stm32f10x_tim.o(.text) refers to stm32f10x_rcc.o(.text) for RCC_APB2PeriphResetCmd
    stm32f10x_rcc.o(.text) refers to stm32f10x_rcc.o(.data) for APBAHBPrescTable
    main.o(.text) refers to stm32f10x_rcc.o(.text) for RCC_APB1PeriphClockCmd
    main.o(.text) refers to stm32f10x_tim.o(.text) for TIM_TimeBaseInit
    main.o(.text) refers to misc.o(.text) for NVIC_Init
    main.o(.text) refers to stm32f10x_gpio.o(.text) for GPIO_Init
    main.o(.text) refers to dflti.o(.text) for __aeabi_i2d
    main.o(.text) refers to ddiv.o(.text) for __aeabi_ddiv
    main.o(.text) refers to dfixi.o(.text) for __aeabi_d2iz
    main.o(.text) refers to dmul.o(.text) for __aeabi_dmul
    main.o(.text) refers to fflti.o(.text) for __aeabi_i2f
    main.o(.text) refers to fmul.o(.text) for __aeabi_fmul
    main.o(.text) refers to f2d.o(.text) for __aeabi_f2d
    main.o(.text) refers to d2f.o(.text) for __aeabi_d2f
    main.o(.text) refers to dadd.o(.text) for __aeabi_dadd
    main.o(.text) refers to fadd.o(.text) for __aeabi_fadd
    main.o(.text) refers to ffltui.o(.text) for __aeabi_ui2f
    main.o(.text) refers to ffixui.o(.text) for __aeabi_f2uiz
    main.o(.text) refers to system_stm32f10x.o(.data) for SystemCoreClock
    main.o(.text) refers to main.o(.bss) for TIM_TimeBaseStructure
    main.o(.text) refers to main.o(.data) for NVIC_InitStructure
    system_stm32f10x.o(.text) refers to system_stm32f10x.o(.data) for SystemCoreClock
    entry.o(.ARM.Collect$$$$00000000) refers (Special) to entry10a.o(.ARM.Collect$$$$0000000D) for __rt_final_cpp
    entry.o(.ARM.Collect$$$$00000000) refers (Special) to entry11a.o(.ARM.Collect$$$$0000000F) for __rt_final_exit
    entry.o(.ARM.Collect$$$$00000000) refers (Special) to entry7b.o(.ARM.Collect$$$$00000008) for _main_clock
    entry.o(.ARM.Collect$$$$00000000) refers (Special) to entry8b.o(.ARM.Collect$$$$0000000A) for _main_cpp_init
    entry.o(.ARM.Collect$$$$00000000) refers (Special) to entry9a.o(.ARM.Collect$$$$0000000B) for _main_init
    entry.o(.ARM.Collect$$$$00000000) refers (Special) to entry5.o(.ARM.Collect$$$$00000004) for _main_scatterload
    entry.o(.ARM.Collect$$$$00000000) refers (Special) to entry2.o(.ARM.Collect$$$$00000001) for _main_stk
    fadd.o(.text) refers (Special) to iusefp.o(.text) for __I$use$fp
    fadd.o(.text) refers to fepilogue.o(.text) for _float_epilogue
    fmul.o(.text) refers (Special) to iusefp.o(.text) for __I$use$fp
    dadd.o(.text) refers (Special) to iusefp.o(.text) for __I$use$fp
    dadd.o(.text) refers to llshl.o(.text) for __aeabi_llsl
    dadd.o(.text) refers to llsshr.o(.text) for __aeabi_lasr
    dadd.o(.text) refers to depilogue.o(.text) for _double_epilogue
    dmul.o(.text) refers (Special) to iusefp.o(.text) for __I$use$fp
    dmul.o(.text) refers to depilogue.o(.text) for _double_epilogue
    ddiv.o(.text) refers (Special) to iusefp.o(.text) for __I$use$fp
    ddiv.o(.text) refers to depilogue.o(.text) for _double_round
    fflti.o(.text) refers (Special) to iusefp.o(.text) for __I$use$fp
    fflti.o(.text) refers to fepilogue.o(.text) for _float_epilogue
    ffltui.o(.text) refers (Special) to iusefp.o(.text) for __I$use$fp
    ffltui.o(.text) refers to fepilogue.o(.text) for _float_epilogue
    dflti.o(.text) refers (Special) to iusefp.o(.text) for __I$use$fp
    dflti.o(.text) refers to depilogue.o(.text) for _double_epilogue
    ffixui.o(.text) refers (Special) to iusefp.o(.text) for __I$use$fp
    dfixi.o(.text) refers (Special) to iusefp.o(.text) for __I$use$fp
    dfixi.o(.text) refers to llushr.o(.text) for __aeabi_llsr
    f2d.o(.text) refers (Special) to iusefp.o(.text) for __I$use$fp
    d2f.o(.text) refers (Special) to iusefp.o(.text) for __I$use$fp
    d2f.o(.text) refers to fepilogue.o(.text) for _float_round
    entry2.o(.ARM.Collect$$$$00000001) refers to entry2.o(.ARM.Collect$$$$00002712) for __lit__00000000
    entry2.o(.ARM.Collect$$$$00002712) refers to startup_stm32f10x_hd.o(STACK) for __initial_sp
    entry2.o(__vectab_stack_and_reset_area) refers to startup_stm32f10x_hd.o(STACK) for __initial_sp
    entry2.o(__vectab_stack_and_reset_area) refers to entry.o(.ARM.Collect$$$$00000000) for __main
    entry5.o(.ARM.Collect$$$$00000004) refers to init.o(.text) for __scatterload
    entry9a.o(.ARM.Collect$$$$0000000B) refers to main.o(.text) for main
    entry9b.o(.ARM.Collect$$$$0000000C) refers to main.o(.text) for main
    depilogue.o(.text) refers to llshl.o(.text) for __aeabi_llsl
    depilogue.o(.text) refers to llushr.o(.text) for __aeabi_llsr
    init.o(.text) refers to entry5.o(.ARM.Collect$$$$00000004) for __main_after_scatterload


==============================================================================

Removing Unused input sections from the image.

    Removing startup_stm32f10x_hd.o(HEAP), (512 bytes).
    Removing core_cm3.o(.emb_text), (32 bytes).

2 unused section(s) (total 544 bytes) removed from the image.

==============================================================================

Image Symbol Table

    Local Symbols

    Symbol Name                              Value     Ov Type        Size  Object(Section)

    ../clib/microlib/init/entry.s            0x00000000   Number         0  entry11a.o ABSOLUTE
    ../clib/microlib/init/entry.s            0x00000000   Number         0  entry11b.o ABSOLUTE
    ../clib/microlib/init/entry.s            0x00000000   Number         0  entry7a.o ABSOLUTE
    ../clib/microlib/init/entry.s            0x00000000   Number         0  entry2.o ABSOLUTE
    ../clib/microlib/init/entry.s            0x00000000   Number         0  entry10b.o ABSOLUTE
    ../clib/microlib/init/entry.s            0x00000000   Number         0  entry10a.o ABSOLUTE
    ../clib/microlib/init/entry.s            0x00000000   Number         0  entry7b.o ABSOLUTE
    ../clib/microlib/init/entry.s            0x00000000   Number         0  entry9b.o ABSOLUTE
    ../clib/microlib/init/entry.s            0x00000000   Number         0  entry8a.o ABSOLUTE
    ../clib/microlib/init/entry.s            0x00000000   Number         0  entry9a.o ABSOLUTE
    ../clib/microlib/init/entry.s            0x00000000   Number         0  entry.o ABSOLUTE
    ../clib/microlib/init/entry.s            0x00000000   Number         0  entry5.o ABSOLUTE
    ../clib/microlib/init/entry.s            0x00000000   Number         0  entry8b.o ABSOLUTE
    ../clib/microlib/longlong.c              0x00000000   Number         0  llushr.o ABSOLUTE
    ../clib/microlib/longlong.c              0x00000000   Number         0  llsshr.o ABSOLUTE
    ../clib/microlib/longlong.c              0x00000000   Number         0  llshl.o ABSOLUTE
    ../clib/microlib/stubs.s                 0x00000000   Number         0  iusefp.o ABSOLUTE
    ../fplib/microlib/d2f.c                  0x00000000   Number         0  d2f.o ABSOLUTE
    ../fplib/microlib/f2d.c                  0x00000000   Number         0  f2d.o ABSOLUTE
    ../fplib/microlib/fpadd.c                0x00000000   Number         0  fadd.o ABSOLUTE
    ../fplib/microlib/fpadd.c                0x00000000   Number         0  dadd.o ABSOLUTE
    ../fplib/microlib/fpdiv.c                0x00000000   Number         0  ddiv.o ABSOLUTE
    ../fplib/microlib/fpepilogue.c           0x00000000   Number         0  fepilogue.o ABSOLUTE
    ../fplib/microlib/fpepilogue.c           0x00000000   Number         0  depilogue.o ABSOLUTE
    ../fplib/microlib/fpfix.c                0x00000000   Number         0  ffixui.o ABSOLUTE
    ../fplib/microlib/fpfix.c                0x00000000   Number         0  dfixi.o ABSOLUTE
    ../fplib/microlib/fpflt.c                0x00000000   Number         0  dflti.o ABSOLUTE
    ../fplib/microlib/fpflt.c                0x00000000   Number         0  fflti.o ABSOLUTE
    ../fplib/microlib/fpflt.c                0x00000000   Number         0  ffltui.o ABSOLUTE
    ../fplib/microlib/fpmul.c                0x00000000   Number         0  fmul.o ABSOLUTE
    ../fplib/microlib/fpmul.c                0x00000000   Number         0  dmul.o ABSOLUTE
    ..\..\..\Libraries\CMSIS\CM3\CoreSupport\core_cm3.c 0x00000000   Number         0  core_cm3.o ABSOLUTE
    ..\..\..\Libraries\CMSIS\CM3\DeviceSupport\ST\STM32F10x\startup\arm\startup_stm32f10x_hd.s 0x00000000   Number         0  startup_stm32f10x_hd.o ABSOLUTE
    ..\..\..\Libraries\STM32F10x_StdPeriph_Driver\src\misc.c 0x00000000   Number         0  misc.o ABSOLUTE
    ..\..\..\Libraries\STM32F10x_StdPeriph_Driver\src\stm32f10x_gpio.c 0x00000000   Number         0  stm32f10x_gpio.o ABSOLUTE
    ..\..\..\Libraries\STM32F10x_StdPeriph_Driver\src\stm32f10x_rcc.c 0x00000000   Number         0  stm32f10x_rcc.o ABSOLUTE
    ..\..\..\Libraries\STM32F10x_StdPeriph_Driver\src\stm32f10x_tim.c 0x00000000   Number         0  stm32f10x_tim.o ABSOLUTE
    ..\\..\\..\\Libraries\\CMSIS\\CM3\\CoreSupport\\core_cm3.c 0x00000000   Number         0  core_cm3.o ABSOLUTE
    ..\main.c                                0x00000000   Number         0  main.o ABSOLUTE
    ..\stm32f10x_it.c                        0x00000000   Number         0  stm32f10x_it.o ABSOLUTE
    ..\system_stm32f10x.c                    0x00000000   Number         0  system_stm32f10x.o ABSOLUTE
    dc.s                                     0x00000000   Number         0  dc.o ABSOLUTE
    handlers.s                               0x00000000   Number         0  handlers.o ABSOLUTE
    init.s                                   0x00000000   Number         0  init.o ABSOLUTE
    RESET                                    0x08000000   Section      304  startup_stm32f10x_hd.o(RESET)
    .ARM.Collect$$$$00000000                 0x08000130   Section        0  entry.o(.ARM.Collect$$$$00000000)
    .ARM.Collect$$$$00000001                 0x08000130   Section        4  entry2.o(.ARM.Collect$$$$00000001)
    .ARM.Collect$$$$00000004                 0x08000134   Section        4  entry5.o(.ARM.Collect$$$$00000004)
    .ARM.Collect$$$$00000008                 0x08000138   Section        0  entry7b.o(.ARM.Collect$$$$00000008)
    .ARM.Collect$$$$0000000A                 0x08000138   Section        0  entry8b.o(.ARM.Collect$$$$0000000A)
    .ARM.Collect$$$$0000000B                 0x08000138   Section        8  entry9a.o(.ARM.Collect$$$$0000000B)
    .ARM.Collect$$$$0000000D                 0x08000140   Section        0  entry10a.o(.ARM.Collect$$$$0000000D)
    .ARM.Collect$$$$0000000F                 0x08000140   Section        0  entry11a.o(.ARM.Collect$$$$0000000F)
    .ARM.Collect$$$$00002712                 0x08000140   Section        4  entry2.o(.ARM.Collect$$$$00002712)
    __lit__00000000                          0x08000140   Data           4  entry2.o(.ARM.Collect$$$$00002712)
    .text                                    0x08000144   Section       36  startup_stm32f10x_hd.o(.text)
    .text                                    0x08000168   Section        0  misc.o(.text)
    .text                                    0x08000244   Section        0  stm32f10x_gpio.o(.text)
    .text                                    0x080005a4   Section        0  stm32f10x_tim.o(.text)
    TI4_Config                               0x08000a4b   Thumb Code   130  stm32f10x_tim.o(.text)
    TI3_Config                               0x08000adf   Thumb Code   122  stm32f10x_tim.o(.text)
    TI2_Config                               0x08000b73   Thumb Code   130  stm32f10x_tim.o(.text)
    TI1_Config                               0x08000c07   Thumb Code   108  stm32f10x_tim.o(.text)
    .text                                    0x080013c0   Section        0  stm32f10x_rcc.o(.text)
    .text                                    0x08001764   Section        0  main.o(.text)
    .text                                    0x08001b00   Section        0  stm32f10x_it.o(.text)
    .text                                    0x08001b1c   Section        0  system_stm32f10x.o(.text)
    SetSysClockTo72                          0x08001b1d   Thumb Code   212  system_stm32f10x.o(.text)
    SetSysClock                              0x08001bf1   Thumb Code     8  system_stm32f10x.o(.text)
    .text                                    0x08001cf8   Section        0  fadd.o(.text)
    .text                                    0x08001da8   Section        0  fmul.o(.text)
    .text                                    0x08001e14   Section        0  dadd.o(.text)
    .text                                    0x08001f62   Section        0  dmul.o(.text)
    .text                                    0x08002046   Section        0  ddiv.o(.text)
    .text                                    0x08002124   Section        0  fflti.o(.text)
    .text                                    0x08002136   Section        0  ffltui.o(.text)
    .text                                    0x08002140   Section        0  dflti.o(.text)
    .text                                    0x08002162   Section        0  ffixui.o(.text)
    .text                                    0x0800218a   Section        0  dfixi.o(.text)
    .text                                    0x080021c8   Section        0  f2d.o(.text)
    .text                                    0x080021ee   Section        0  d2f.o(.text)
    .text                                    0x08002226   Section        0  llshl.o(.text)
    .text                                    0x08002244   Section        0  llushr.o(.text)
    .text                                    0x08002264   Section        0  llsshr.o(.text)
    .text                                    0x08002288   Section        0  iusefp.o(.text)
    .text                                    0x08002288   Section        0  fepilogue.o(.text)
    .text                                    0x080022f4   Section        0  depilogue.o(.text)
    .text                                    0x080023b4   Section       36  init.o(.text)
    i.__scatterload_copy                     0x080023d8   Section       14  handlers.o(i.__scatterload_copy)
    i.__scatterload_null                     0x080023e6   Section        2  handlers.o(i.__scatterload_null)
    i.__scatterload_zeroinit                 0x080023e8   Section       14  handlers.o(i.__scatterload_zeroinit)
    .data                                    0x20000000   Section       20  stm32f10x_rcc.o(.data)
    APBAHBPrescTable                         0x20000000   Data          16  stm32f10x_rcc.o(.data)
    ADCPrescTable                            0x20000010   Data           4  stm32f10x_rcc.o(.data)
    .data                                    0x20000014   Section       46  main.o(.data)
    .data                                    0x20000044   Section       20  system_stm32f10x.o(.data)
    .bss                                     0x20000058   Section       26  main.o(.bss)
    STACK                                    0x20000078   Section     1024  startup_stm32f10x_hd.o(STACK)

    Global Symbols

    Symbol Name                              Value     Ov Type        Size  Object(Section)

    BuildAttributes$$THM_ISAv4$P$D$K$B$S$PE$A:L22UL41UL21$X:L11$S22US41US21$IEEE1$IW$USESV6$~STKCKD$USESV7$~SHL$OTIME$ROPI$EBA8$MICROLIB$REQ8$PRES8$EABIv2 0x00000000   Number         0  anon$$obj.o ABSOLUTE
    __ARM_use_no_argv                        0x00000000   Number         0  main.o ABSOLUTE
    __cpp_initialize__aeabi_                  - Undefined Weak Reference
    __cxa_finalize                            - Undefined Weak Reference
    __decompress                              - Undefined Weak Reference
    _clock_init                               - Undefined Weak Reference
    _microlib_exit                            - Undefined Weak Reference
    __Vectors_Size                           0x00000130   Number         0  startup_stm32f10x_hd.o ABSOLUTE
    __Vectors                                0x08000000   Data           4  startup_stm32f10x_hd.o(RESET)
    __Vectors_End                            0x08000130   Data           0  startup_stm32f10x_hd.o(RESET)
    __main                                   0x08000131   Thumb Code     0  entry.o(.ARM.Collect$$$$00000000)
    _main_stk                                0x08000131   Thumb Code     0  entry2.o(.ARM.Collect$$$$00000001)
    _main_scatterload                        0x08000135   Thumb Code     0  entry5.o(.ARM.Collect$$$$00000004)
    __main_after_scatterload                 0x08000139   Thumb Code     0  entry5.o(.ARM.Collect$$$$00000004)
    _main_clock                              0x08000139   Thumb Code     0  entry7b.o(.ARM.Collect$$$$00000008)
    _main_cpp_init                           0x08000139   Thumb Code     0  entry8b.o(.ARM.Collect$$$$0000000A)
    _main_init                               0x08000139   Thumb Code     0  entry9a.o(.ARM.Collect$$$$0000000B)
    __rt_final_cpp                           0x08000141   Thumb Code     0  entry10a.o(.ARM.Collect$$$$0000000D)
    __rt_final_exit                          0x08000141   Thumb Code     0  entry11a.o(.ARM.Collect$$$$0000000F)
    Reset_Handler                            0x08000145   Thumb Code     8  startup_stm32f10x_hd.o(.text)
    ADC1_2_IRQHandler                        0x0800015f   Thumb Code     0  startup_stm32f10x_hd.o(.text)
    ADC3_IRQHandler                          0x0800015f   Thumb Code     0  startup_stm32f10x_hd.o(.text)
    CAN1_RX1_IRQHandler                      0x0800015f   Thumb Code     0  startup_stm32f10x_hd.o(.text)
    CAN1_SCE_IRQHandler                      0x0800015f   Thumb Code     0  startup_stm32f10x_hd.o(.text)
    DMA1_Channel1_IRQHandler                 0x0800015f   Thumb Code     0  startup_stm32f10x_hd.o(.text)
    DMA1_Channel2_IRQHandler                 0x0800015f   Thumb Code     0  startup_stm32f10x_hd.o(.text)
    DMA1_Channel3_IRQHandler                 0x0800015f   Thumb Code     0  startup_stm32f10x_hd.o(.text)
    DMA1_Channel4_IRQHandler                 0x0800015f   Thumb Code     0  startup_stm32f10x_hd.o(.text)
    DMA1_Channel5_IRQHandler                 0x0800015f   Thumb Code     0  startup_stm32f10x_hd.o(.text)
    DMA1_Channel6_IRQHandler                 0x0800015f   Thumb Code     0  startup_stm32f10x_hd.o(.text)
    DMA1_Channel7_IRQHandler                 0x0800015f   Thumb Code     0  startup_stm32f10x_hd.o(.text)
    DMA2_Channel1_IRQHandler                 0x0800015f   Thumb Code     0  startup_stm32f10x_hd.o(.text)
    DMA2_Channel2_IRQHandler                 0x0800015f   Thumb Code     0  startup_stm32f10x_hd.o(.text)
    DMA2_Channel3_IRQHandler                 0x0800015f   Thumb Code     0  startup_stm32f10x_hd.o(.text)
    DMA2_Channel4_5_IRQHandler               0x0800015f   Thumb Code     0  startup_stm32f10x_hd.o(.text)
    EXTI0_IRQHandler                         0x0800015f   Thumb Code     0  startup_stm32f10x_hd.o(.text)
    EXTI15_10_IRQHandler                     0x0800015f   Thumb Code     0  startup_stm32f10x_hd.o(.text)
    EXTI1_IRQHandler                         0x0800015f   Thumb Code     0  startup_stm32f10x_hd.o(.text)
    EXTI2_IRQHandler                         0x0800015f   Thumb Code     0  startup_stm32f10x_hd.o(.text)
    EXTI3_IRQHandler                         0x0800015f   Thumb Code     0  startup_stm32f10x_hd.o(.text)
    EXTI4_IRQHandler                         0x0800015f   Thumb Code     0  startup_stm32f10x_hd.o(.text)
    EXTI9_5_IRQHandler                       0x0800015f   Thumb Code     0  startup_stm32f10x_hd.o(.text)
    FLASH_IRQHandler                         0x0800015f   Thumb Code     0  startup_stm32f10x_hd.o(.text)
    FSMC_IRQHandler                          0x0800015f   Thumb Code     0  startup_stm32f10x_hd.o(.text)
    I2C1_ER_IRQHandler                       0x0800015f   Thumb Code     0  startup_stm32f10x_hd.o(.text)
    I2C1_EV_IRQHandler                       0x0800015f   Thumb Code     0  startup_stm32f10x_hd.o(.text)
    I2C2_ER_IRQHandler                       0x0800015f   Thumb Code     0  startup_stm32f10x_hd.o(.text)
    I2C2_EV_IRQHandler                       0x0800015f   Thumb Code     0  startup_stm32f10x_hd.o(.text)
    PVD_IRQHandler                           0x0800015f   Thumb Code     0  startup_stm32f10x_hd.o(.text)
    RCC_IRQHandler                           0x0800015f   Thumb Code     0  startup_stm32f10x_hd.o(.text)
    RTCAlarm_IRQHandler                      0x0800015f   Thumb Code     0  startup_stm32f10x_hd.o(.text)
    RTC_IRQHandler                           0x0800015f   Thumb Code     0  startup_stm32f10x_hd.o(.text)
    SDIO_IRQHandler                          0x0800015f   Thumb Code     0  startup_stm32f10x_hd.o(.text)
    SPI1_IRQHandler                          0x0800015f   Thumb Code     0  startup_stm32f10x_hd.o(.text)
    SPI2_IRQHandler                          0x0800015f   Thumb Code     0  startup_stm32f10x_hd.o(.text)
    SPI3_IRQHandler                          0x0800015f   Thumb Code     0  startup_stm32f10x_hd.o(.text)
    TAMPER_IRQHandler                        0x0800015f   Thumb Code     0  startup_stm32f10x_hd.o(.text)
    TIM1_BRK_IRQHandler                      0x0800015f   Thumb Code     0  startup_stm32f10x_hd.o(.text)
    TIM1_CC_IRQHandler                       0x0800015f   Thumb Code     0  startup_stm32f10x_hd.o(.text)
    TIM1_TRG_COM_IRQHandler                  0x0800015f   Thumb Code     0  startup_stm32f10x_hd.o(.text)
    TIM1_UP_IRQHandler                       0x0800015f   Thumb Code     0  startup_stm32f10x_hd.o(.text)
    TIM3_IRQHandler                          0x0800015f   Thumb Code     0  startup_stm32f10x_hd.o(.text)
    TIM4_IRQHandler                          0x0800015f   Thumb Code     0  startup_stm32f10x_hd.o(.text)
    TIM5_IRQHandler                          0x0800015f   Thumb Code     0  startup_stm32f10x_hd.o(.text)
    TIM6_IRQHandler                          0x0800015f   Thumb Code     0  startup_stm32f10x_hd.o(.text)
    TIM7_IRQHandler                          0x0800015f   Thumb Code     0  startup_stm32f10x_hd.o(.text)
    TIM8_BRK_IRQHandler                      0x0800015f   Thumb Code     0  startup_stm32f10x_hd.o(.text)
    TIM8_CC_IRQHandler                       0x0800015f   Thumb Code     0  startup_stm32f10x_hd.o(.text)
    TIM8_TRG_COM_IRQHandler                  0x0800015f   Thumb Code     0  startup_stm32f10x_hd.o(.text)
    TIM8_UP_IRQHandler                       0x0800015f   Thumb Code     0  startup_stm32f10x_hd.o(.text)
    UART4_IRQHandler                         0x0800015f   Thumb Code     0  startup_stm32f10x_hd.o(.text)
    UART5_IRQHandler                         0x0800015f   Thumb Code     0  startup_stm32f10x_hd.o(.text)
    USART1_IRQHandler                        0x0800015f   Thumb Code     0  startup_stm32f10x_hd.o(.text)
    USART2_IRQHandler                        0x0800015f   Thumb Code     0  startup_stm32f10x_hd.o(.text)
    USART3_IRQHandler                        0x0800015f   Thumb Code     0  startup_stm32f10x_hd.o(.text)
    USBWakeUp_IRQHandler                     0x0800015f   Thumb Code     0  startup_stm32f10x_hd.o(.text)
    USB_HP_CAN1_TX_IRQHandler                0x0800015f   Thumb Code     0  startup_stm32f10x_hd.o(.text)
    USB_LP_CAN1_RX0_IRQHandler               0x0800015f   Thumb Code     0  startup_stm32f10x_hd.o(.text)
    WWDG_IRQHandler                          0x0800015f   Thumb Code     0  startup_stm32f10x_hd.o(.text)
    NVIC_PriorityGroupConfig                 0x08000169   Thumb Code    10  misc.o(.text)
    NVIC_Init                                0x08000173   Thumb Code   102  misc.o(.text)
    NVIC_SetVectorTable                      0x080001d9   Thumb Code    14  misc.o(.text)
    NVIC_SystemLPConfig                      0x080001e7   Thumb Code    34  misc.o(.text)
    SysTick_CLKSourceConfig                  0x08000209   Thumb Code    40  misc.o(.text)
    GPIO_DeInit                              0x08000245   Thumb Code   172  stm32f10x_gpio.o(.text)
    GPIO_AFIODeInit                          0x080002f1   Thumb Code    20  stm32f10x_gpio.o(.text)
    GPIO_Init                                0x08000305   Thumb Code   274  stm32f10x_gpio.o(.text)
    GPIO_StructInit                          0x08000417   Thumb Code    16  stm32f10x_gpio.o(.text)
    GPIO_ReadInputDataBit                    0x08000427   Thumb Code    18  stm32f10x_gpio.o(.text)
    GPIO_ReadInputData                       0x08000439   Thumb Code     8  stm32f10x_gpio.o(.text)
    GPIO_ReadOutputDataBit                   0x08000441   Thumb Code    18  stm32f10x_gpio.o(.text)
    GPIO_ReadOutputData                      0x08000453   Thumb Code     8  stm32f10x_gpio.o(.text)
    GPIO_SetBits                             0x0800045b   Thumb Code     4  stm32f10x_gpio.o(.text)
    GPIO_ResetBits                           0x0800045f   Thumb Code     4  stm32f10x_gpio.o(.text)
    GPIO_ToggleBits                          0x08000463   Thumb Code     8  stm32f10x_gpio.o(.text)
    GPIO_WriteBit                            0x0800046b   Thumb Code    10  stm32f10x_gpio.o(.text)
    GPIO_Write                               0x08000475   Thumb Code     4  stm32f10x_gpio.o(.text)
    GPIO_PinLockConfig                       0x08000479   Thumb Code    18  stm32f10x_gpio.o(.text)
    GPIO_EventOutputConfig                   0x0800048b   Thumb Code    26  stm32f10x_gpio.o(.text)
    GPIO_EventOutputCmd                      0x080004a5   Thumb Code     6  stm32f10x_gpio.o(.text)
    GPIO_PinRemapConfig                      0x080004ab   Thumb Code   138  stm32f10x_gpio.o(.text)
    GPIO_EXTILineConfig                      0x08000535   Thumb Code    66  stm32f10x_gpio.o(.text)
    GPIO_ETH_MediaInterfaceConfig            0x08000577   Thumb Code     6  stm32f10x_gpio.o(.text)
    TIM_DeInit                               0x080005a5   Thumb Code   424  stm32f10x_tim.o(.text)
    TIM_TimeBaseInit                         0x0800074d   Thumb Code   122  stm32f10x_tim.o(.text)
    TIM_OC1Init                              0x080007c7   Thumb Code   132  stm32f10x_tim.o(.text)
    TIM_OC2Init                              0x0800084b   Thumb Code   154  stm32f10x_tim.o(.text)
    TIM_OC3Init                              0x080008e5   Thumb Code   150  stm32f10x_tim.o(.text)
    TIM_OC4Init                              0x0800097b   Thumb Code   182  stm32f10x_tim.o(.text)
    TIM_SetIC4Prescaler                      0x08000a31   Thumb Code    26  stm32f10x_tim.o(.text)
    TIM_SetIC3Prescaler                      0x08000acd   Thumb Code    18  stm32f10x_tim.o(.text)
    TIM_SetIC2Prescaler                      0x08000b59   Thumb Code    26  stm32f10x_tim.o(.text)
    TIM_SetIC1Prescaler                      0x08000bf5   Thumb Code    18  stm32f10x_tim.o(.text)
    TIM_ICInit                               0x08000c73   Thumb Code   150  stm32f10x_tim.o(.text)
    TIM_PWMIConfig                           0x08000d09   Thumb Code   124  stm32f10x_tim.o(.text)
    TIM_BDTRConfig                           0x08000d85   Thumb Code    32  stm32f10x_tim.o(.text)
    TIM_TimeBaseStructInit                   0x08000da5   Thumb Code    18  stm32f10x_tim.o(.text)
    TIM_OCStructInit                         0x08000db7   Thumb Code    20  stm32f10x_tim.o(.text)
    TIM_ICStructInit                         0x08000dcb   Thumb Code    18  stm32f10x_tim.o(.text)
    TIM_BDTRStructInit                       0x08000ddd   Thumb Code    40  stm32f10x_tim.o(.text)
    TIM_Cmd                                  0x08000e05   Thumb Code    24  stm32f10x_tim.o(.text)
    TIM_CtrlPWMOutputs                       0x08000e1d   Thumb Code    30  stm32f10x_tim.o(.text)
    TIM_ITConfig                             0x08000e3b   Thumb Code    18  stm32f10x_tim.o(.text)
    TIM_GenerateEvent                        0x08000e4d   Thumb Code     4  stm32f10x_tim.o(.text)
    TIM_DMAConfig                            0x08000e51   Thumb Code    10  stm32f10x_tim.o(.text)
    TIM_DMACmd                               0x08000e5b   Thumb Code    18  stm32f10x_tim.o(.text)
    TIM_InternalClockConfig                  0x08000e6d   Thumb Code    12  stm32f10x_tim.o(.text)
    TIM_SelectInputTrigger                   0x08000e79   Thumb Code    18  stm32f10x_tim.o(.text)
    TIM_ITRxExternalClockConfig              0x08000e8b   Thumb Code    24  stm32f10x_tim.o(.text)
    TIM_TIxExternalClockConfig               0x08000ea3   Thumb Code    62  stm32f10x_tim.o(.text)
    TIM_ETRConfig                            0x08000ee1   Thumb Code    28  stm32f10x_tim.o(.text)
    TIM_ETRClockMode1Config                  0x08000efd   Thumb Code    54  stm32f10x_tim.o(.text)
    TIM_ETRClockMode2Config                  0x08000f33   Thumb Code    32  stm32f10x_tim.o(.text)
    TIM_PrescalerConfig                      0x08000f53   Thumb Code     6  stm32f10x_tim.o(.text)
    TIM_CounterModeConfig                    0x08000f59   Thumb Code    18  stm32f10x_tim.o(.text)
    TIM_EncoderInterfaceConfig               0x08000f6b   Thumb Code    66  stm32f10x_tim.o(.text)
    TIM_ForcedOC1Config                      0x08000fad   Thumb Code    18  stm32f10x_tim.o(.text)
    TIM_ForcedOC2Config                      0x08000fbf   Thumb Code    26  stm32f10x_tim.o(.text)
    TIM_ForcedOC3Config                      0x08000fd9   Thumb Code    18  stm32f10x_tim.o(.text)
    TIM_ForcedOC4Config                      0x08000feb   Thumb Code    26  stm32f10x_tim.o(.text)
    TIM_ARRPreloadConfig                     0x08001005   Thumb Code    24  stm32f10x_tim.o(.text)
    TIM_SelectCOM                            0x0800101d   Thumb Code    24  stm32f10x_tim.o(.text)
    TIM_SelectCCDMA                          0x08001035   Thumb Code    24  stm32f10x_tim.o(.text)
    TIM_CCPreloadControl                     0x0800104d   Thumb Code    24  stm32f10x_tim.o(.text)
    TIM_OC1PreloadConfig                     0x08001065   Thumb Code    18  stm32f10x_tim.o(.text)
    TIM_OC2PreloadConfig                     0x08001077   Thumb Code    26  stm32f10x_tim.o(.text)
    TIM_OC3PreloadConfig                     0x08001091   Thumb Code    18  stm32f10x_tim.o(.text)
    TIM_OC4PreloadConfig                     0x080010a3   Thumb Code    26  stm32f10x_tim.o(.text)
    TIM_OC1FastConfig                        0x080010bd   Thumb Code    18  stm32f10x_tim.o(.text)
    TIM_OC2FastConfig                        0x080010cf   Thumb Code    26  stm32f10x_tim.o(.text)
    TIM_OC3FastConfig                        0x080010e9   Thumb Code    18  stm32f10x_tim.o(.text)
    TIM_OC4FastConfig                        0x080010fb   Thumb Code    26  stm32f10x_tim.o(.text)
    TIM_ClearOC1Ref                          0x08001115   Thumb Code    18  stm32f10x_tim.o(.text)
    TIM_ClearOC2Ref                          0x08001127   Thumb Code    24  stm32f10x_tim.o(.text)
    TIM_ClearOC3Ref                          0x0800113f   Thumb Code    18  stm32f10x_tim.o(.text)
    TIM_ClearOC4Ref                          0x08001151   Thumb Code    24  stm32f10x_tim.o(.text)
    TIM_OC1PolarityConfig                    0x08001169   Thumb Code    18  stm32f10x_tim.o(.text)
    TIM_OC1NPolarityConfig                   0x0800117b   Thumb Code    18  stm32f10x_tim.o(.text)
    TIM_OC2PolarityConfig                    0x0800118d   Thumb Code    26  stm32f10x_tim.o(.text)
    TIM_OC2NPolarityConfig                   0x080011a7   Thumb Code    26  stm32f10x_tim.o(.text)
    TIM_OC3PolarityConfig                    0x080011c1   Thumb Code    26  stm32f10x_tim.o(.text)
    TIM_OC3NPolarityConfig                   0x080011db   Thumb Code    26  stm32f10x_tim.o(.text)
    TIM_OC4PolarityConfig                    0x080011f5   Thumb Code    26  stm32f10x_tim.o(.text)
    TIM_CCxCmd                               0x0800120f   Thumb Code    30  stm32f10x_tim.o(.text)
    TIM_CCxNCmd                              0x0800122d   Thumb Code    30  stm32f10x_tim.o(.text)
    TIM_SelectOCxM                           0x0800124b   Thumb Code    82  stm32f10x_tim.o(.text)
    TIM_UpdateDisableConfig                  0x0800129d   Thumb Code    24  stm32f10x_tim.o(.text)
    TIM_UpdateRequestConfig                  0x080012b5   Thumb Code    24  stm32f10x_tim.o(.text)
    TIM_SelectHallSensor                     0x080012cd   Thumb Code    24  stm32f10x_tim.o(.text)
    TIM_SelectOnePulseMode                   0x080012e5   Thumb Code    18  stm32f10x_tim.o(.text)
    TIM_SelectOutputTrigger                  0x080012f7   Thumb Code    18  stm32f10x_tim.o(.text)
    TIM_SelectSlaveMode                      0x08001309   Thumb Code    18  stm32f10x_tim.o(.text)
    TIM_SelectMasterSlaveMode                0x0800131b   Thumb Code    18  stm32f10x_tim.o(.text)
    TIM_SetCounter                           0x0800132d   Thumb Code     4  stm32f10x_tim.o(.text)
    TIM_SetAutoreload                        0x08001331   Thumb Code     4  stm32f10x_tim.o(.text)
    TIM_SetCompare1                          0x08001335   Thumb Code     4  stm32f10x_tim.o(.text)
    TIM_SetCompare2                          0x08001339   Thumb Code     4  stm32f10x_tim.o(.text)
    TIM_SetCompare3                          0x0800133d   Thumb Code     4  stm32f10x_tim.o(.text)
    TIM_SetCompare4                          0x08001341   Thumb Code     6  stm32f10x_tim.o(.text)
    TIM_SetClockDivision                     0x08001347   Thumb Code    18  stm32f10x_tim.o(.text)
    TIM_GetCapture1                          0x08001359   Thumb Code     6  stm32f10x_tim.o(.text)
    TIM_GetCapture2                          0x0800135f   Thumb Code     6  stm32f10x_tim.o(.text)
    TIM_GetCapture3                          0x08001365   Thumb Code     6  stm32f10x_tim.o(.text)
    TIM_GetCapture4                          0x0800136b   Thumb Code     8  stm32f10x_tim.o(.text)
    TIM_GetCounter                           0x08001373   Thumb Code     6  stm32f10x_tim.o(.text)
    TIM_GetPrescaler                         0x08001379   Thumb Code     6  stm32f10x_tim.o(.text)
    TIM_GetFlagStatus                        0x0800137f   Thumb Code    18  stm32f10x_tim.o(.text)
    TIM_ClearFlag                            0x08001391   Thumb Code     6  stm32f10x_tim.o(.text)
    TIM_GetITStatus                          0x08001397   Thumb Code    34  stm32f10x_tim.o(.text)
    TIM_ClearITPendingBit                    0x080013b9   Thumb Code     6  stm32f10x_tim.o(.text)
    RCC_DeInit                               0x080013c1   Thumb Code    64  stm32f10x_rcc.o(.text)
    RCC_HSEConfig                            0x08001401   Thumb Code    70  stm32f10x_rcc.o(.text)
    RCC_GetFlagStatus                        0x08001447   Thumb Code    56  stm32f10x_rcc.o(.text)
    RCC_WaitForHSEStartUp                    0x0800147f   Thumb Code    56  stm32f10x_rcc.o(.text)
    RCC_AdjustHSICalibrationValue            0x080014b7   Thumb Code    20  stm32f10x_rcc.o(.text)
    RCC_HSICmd                               0x080014cb   Thumb Code     6  stm32f10x_rcc.o(.text)
    RCC_PLLConfig                            0x080014d1   Thumb Code    24  stm32f10x_rcc.o(.text)
    RCC_PLLCmd                               0x080014e9   Thumb Code     6  stm32f10x_rcc.o(.text)
    RCC_SYSCLKConfig                         0x080014ef   Thumb Code    18  stm32f10x_rcc.o(.text)
    RCC_GetSYSCLKSource                      0x08001501   Thumb Code    10  stm32f10x_rcc.o(.text)
    RCC_HCLKConfig                           0x0800150b   Thumb Code    18  stm32f10x_rcc.o(.text)
    RCC_PCLK1Config                          0x0800151d   Thumb Code    18  stm32f10x_rcc.o(.text)
    RCC_PCLK2Config                          0x0800152f   Thumb Code    20  stm32f10x_rcc.o(.text)
    RCC_ITConfig                             0x08001543   Thumb Code    26  stm32f10x_rcc.o(.text)
    RCC_USBCLKConfig                         0x0800155d   Thumb Code     6  stm32f10x_rcc.o(.text)
    RCC_ADCCLKConfig                         0x08001563   Thumb Code    18  stm32f10x_rcc.o(.text)
    RCC_LSEConfig                            0x08001575   Thumb Code    44  stm32f10x_rcc.o(.text)
    RCC_LSICmd                               0x080015a1   Thumb Code     6  stm32f10x_rcc.o(.text)
    RCC_RTCCLKConfig                         0x080015a7   Thumb Code    12  stm32f10x_rcc.o(.text)
    RCC_RTCCLKCmd                            0x080015b3   Thumb Code     8  stm32f10x_rcc.o(.text)
    RCC_GetClocksFreq                        0x080015bb   Thumb Code   192  stm32f10x_rcc.o(.text)
    RCC_AHBPeriphClockCmd                    0x0800167b   Thumb Code    26  stm32f10x_rcc.o(.text)
    RCC_APB2PeriphClockCmd                   0x08001695   Thumb Code    26  stm32f10x_rcc.o(.text)
    RCC_APB1PeriphClockCmd                   0x080016af   Thumb Code    26  stm32f10x_rcc.o(.text)
    RCC_APB2PeriphResetCmd                   0x080016c9   Thumb Code    26  stm32f10x_rcc.o(.text)
    RCC_APB1PeriphResetCmd                   0x080016e3   Thumb Code    26  stm32f10x_rcc.o(.text)
    RCC_BackupResetCmd                       0x080016fd   Thumb Code     8  stm32f10x_rcc.o(.text)
    RCC_ClockSecuritySystemCmd               0x08001705   Thumb Code     6  stm32f10x_rcc.o(.text)
    RCC_MCOConfig                            0x0800170b   Thumb Code     6  stm32f10x_rcc.o(.text)
    RCC_ClearFlag                            0x08001711   Thumb Code    14  stm32f10x_rcc.o(.text)
    RCC_GetITStatus                          0x0800171f   Thumb Code    20  stm32f10x_rcc.o(.text)
    RCC_ClearITPendingBit                    0x08001733   Thumb Code     6  stm32f10x_rcc.o(.text)
    TIM2_Config                              0x08001765   Thumb Code    88  main.o(.text)
    Motor_Config                             0x080017bd   Thumb Code    52  main.o(.text)
    PWM_Config                               0x080017f1   Thumb Code    82  main.o(.text)
    encoder_Config                           0x08001843   Thumb Code    62  main.o(.text)
    main                                     0x08001881   Thumb Code    20  main.o(.text)
    Motor_Control                            0x08001895   Thumb Code   454  main.o(.text)
    TIM2_IRQHandler                          0x08001a5b   Thumb Code    32  main.o(.text)
    Delay                                    0x08001a7b   Thumb Code    16  main.o(.text)
    NMI_Handler                              0x08001b01   Thumb Code     2  stm32f10x_it.o(.text)
    HardFault_Handler                        0x08001b03   Thumb Code     4  stm32f10x_it.o(.text)
    MemManage_Handler                        0x08001b07   Thumb Code     4  stm32f10x_it.o(.text)
    BusFault_Handler                         0x08001b0b   Thumb Code     4  stm32f10x_it.o(.text)
    UsageFault_Handler                       0x08001b0f   Thumb Code     4  stm32f10x_it.o(.text)
    SVC_Handler                              0x08001b13   Thumb Code     2  stm32f10x_it.o(.text)
    DebugMon_Handler                         0x08001b15   Thumb Code     2  stm32f10x_it.o(.text)
    PendSV_Handler                           0x08001b17   Thumb Code     2  stm32f10x_it.o(.text)
    SysTick_Handler                          0x08001b19   Thumb Code     2  stm32f10x_it.o(.text)
    SystemInit                               0x08001bf9   Thumb Code    78  system_stm32f10x.o(.text)
    SystemCoreClockUpdate                    0x08001c47   Thumb Code   142  system_stm32f10x.o(.text)
    __aeabi_fadd                             0x08001cf9   Thumb Code   164  fadd.o(.text)
    __aeabi_fsub                             0x08001d9d   Thumb Code     6  fadd.o(.text)
    __aeabi_frsub                            0x08001da3   Thumb Code     6  fadd.o(.text)
    __aeabi_fmul                             0x08001da9   Thumb Code   108  fmul.o(.text)
    __aeabi_dadd                             0x08001e15   Thumb Code   322  dadd.o(.text)
    __aeabi_dsub                             0x08001f57   Thumb Code     6  dadd.o(.text)
    __aeabi_drsub                            0x08001f5d   Thumb Code     6  dadd.o(.text)
    __aeabi_dmul                             0x08001f63   Thumb Code   228  dmul.o(.text)
    __aeabi_ddiv                             0x08002047   Thumb Code   222  ddiv.o(.text)
    __aeabi_i2f                              0x08002125   Thumb Code    18  fflti.o(.text)
    __aeabi_ui2f                             0x08002137   Thumb Code    10  ffltui.o(.text)
    __aeabi_i2d                              0x08002141   Thumb Code    34  dflti.o(.text)
    __aeabi_f2uiz                            0x08002163   Thumb Code    40  ffixui.o(.text)
    __aeabi_d2iz                             0x0800218b   Thumb Code    62  dfixi.o(.text)
    __aeabi_f2d                              0x080021c9   Thumb Code    38  f2d.o(.text)
    __aeabi_d2f                              0x080021ef   Thumb Code    56  d2f.o(.text)
    __aeabi_llsl                             0x08002227   Thumb Code    30  llshl.o(.text)
    _ll_shift_l                              0x08002227   Thumb Code     0  llshl.o(.text)
    __aeabi_llsr                             0x08002245   Thumb Code    32  llushr.o(.text)
    _ll_ushift_r                             0x08002245   Thumb Code     0  llushr.o(.text)
    __aeabi_lasr                             0x08002265   Thumb Code    36  llsshr.o(.text)
    _ll_sshift_r                             0x08002265   Thumb Code     0  llsshr.o(.text)
    __I$use$fp                               0x08002289   Thumb Code     0  iusefp.o(.text)
    _float_round                             0x08002289   Thumb Code    18  fepilogue.o(.text)
    _float_epilogue                          0x0800229b   Thumb Code    90  fepilogue.o(.text)
    _double_round                            0x080022f5   Thumb Code    26  depilogue.o(.text)
    _double_epilogue                         0x0800230f   Thumb Code   164  depilogue.o(.text)
    __scatterload                            0x080023b5   Thumb Code    28  init.o(.text)
    __scatterload_rt2                        0x080023b5   Thumb Code     0  init.o(.text)
    __scatterload_copy                       0x080023d9   Thumb Code    14  handlers.o(i.__scatterload_copy)
    __scatterload_null                       0x080023e7   Thumb Code     2  handlers.o(i.__scatterload_null)
    __scatterload_zeroinit                   0x080023e9   Thumb Code    14  handlers.o(i.__scatterload_zeroinit)
    Region$$Table$$Base                      0x080023f8   Number         0  anon$$obj.o(Region$$Table)
    Region$$Table$$Limit                     0x08002418   Number         0  anon$$obj.o(Region$$Table)
    Kp                                       0x20000014   Data           4  main.o(.data)
    Ki                                       0x20000018   Data           4  main.o(.data)
    Kd                                       0x2000001c   Data           4  main.o(.data)
    pPart                                    0x20000020   Data           4  main.o(.data)
    iPart                                    0x20000024   Data           4  main.o(.data)
    dPart                                    0x20000028   Data           4  main.o(.data)
    ctrl_speed                               0x2000002c   Data           2  main.o(.data)
    out                                      0x2000002e   Data           2  main.o(.data)
    GPIO_InitStructure                       0x20000030   Data           4  main.o(.data)
    NVIC_InitStructure                       0x20000034   Data           4  main.o(.data)
    pulse                                    0x20000038   Data           2  main.o(.data)
    err                                      0x2000003a   Data           2  main.o(.data)
    pre_err                                  0x2000003c   Data           2  main.o(.data)
    des_pulse                                0x2000003e   Data           2  main.o(.data)
    real_speed                               0x20000040   Data           2  main.o(.data)
    SystemCoreClock                          0x20000044   Data           4  system_stm32f10x.o(.data)
    AHBPrescTable                            0x20000048   Data          16  system_stm32f10x.o(.data)
    TIM_TimeBaseStructure                    0x20000058   Data          10  main.o(.bss)
    TIM_OCInitStructure                      0x20000062   Data          16  main.o(.bss)
    __initial_sp                             0x20000478   Data           0  startup_stm32f10x_hd.o(STACK)



==============================================================================

Memory Map of the image

  Image Entry point : 0x08000131

  Load Region LR_IROM1 (Base: 0x08000000, Size: 0x00002470, Max: 0x00010000, ABSOLUTE)

    Execution Region ER_IROM1 (Base: 0x08000000, Size: 0x00002418, Max: 0x00010000, ABSOLUTE)

    Base Addr    Size         Type   Attr      Idx    E Section Name        Object

    0x08000000   0x00000130   Data   RO            3    RESET               startup_stm32f10x_hd.o
    0x08000130   0x00000000   Code   RO          210  * .ARM.Collect$$$$00000000  mc_w.l(entry.o)
    0x08000130   0x00000004   Code   RO          237    .ARM.Collect$$$$00000001  mc_w.l(entry2.o)
    0x08000134   0x00000004   Code   RO          240    .ARM.Collect$$$$00000004  mc_w.l(entry5.o)
    0x08000138   0x00000000   Code   RO          242    .ARM.Collect$$$$00000008  mc_w.l(entry7b.o)
    0x08000138   0x00000000   Code   RO          244    .ARM.Collect$$$$0000000A  mc_w.l(entry8b.o)
    0x08000138   0x00000008   Code   RO          245    .ARM.Collect$$$$0000000B  mc_w.l(entry9a.o)
    0x08000140   0x00000000   Code   RO          247    .ARM.Collect$$$$0000000D  mc_w.l(entry10a.o)
    0x08000140   0x00000000   Code   RO          249    .ARM.Collect$$$$0000000F  mc_w.l(entry11a.o)
    0x08000140   0x00000004   Code   RO          238    .ARM.Collect$$$$00002712  mc_w.l(entry2.o)
    0x08000144   0x00000024   Code   RO            4    .text               startup_stm32f10x_hd.o
    0x08000168   0x000000dc   Code   RO           24    .text               misc.o
    0x08000244   0x00000360   Code   RO          119    .text               stm32f10x_gpio.o
    0x080005a4   0x00000e1a   Code   RO          131    .text               stm32f10x_tim.o
    0x080013be   0x00000002   PAD
    0x080013c0   0x000003a4   Code   RO          143    .text               stm32f10x_rcc.o
    0x08001764   0x0000039c   Code   RO          157    .text               main.o
    0x08001b00   0x0000001a   Code   RO          177    .text               stm32f10x_it.o
    0x08001b1a   0x00000002   PAD
    0x08001b1c   0x000001dc   Code   RO          192    .text               system_stm32f10x.o
    0x08001cf8   0x000000b0   Code   RO          213    .text               mf_w.l(fadd.o)
    0x08001da8   0x0000006c   Code   RO          215    .text               mf_w.l(fmul.o)
    0x08001e14   0x0000014e   Code   RO          217    .text               mf_w.l(dadd.o)
    0x08001f62   0x000000e4   Code   RO          219    .text               mf_w.l(dmul.o)
    0x08002046   0x000000de   Code   RO          221    .text               mf_w.l(ddiv.o)
    0x08002124   0x00000012   Code   RO          223    .text               mf_w.l(fflti.o)
    0x08002136   0x0000000a   Code   RO          225    .text               mf_w.l(ffltui.o)
    0x08002140   0x00000022   Code   RO          227    .text               mf_w.l(dflti.o)
    0x08002162   0x00000028   Code   RO          229    .text               mf_w.l(ffixui.o)
    0x0800218a   0x0000003e   Code   RO          231    .text               mf_w.l(dfixi.o)
    0x080021c8   0x00000026   Code   RO          233    .text               mf_w.l(f2d.o)
    0x080021ee   0x00000038   Code   RO          235    .text               mf_w.l(d2f.o)
    0x08002226   0x0000001e   Code   RO          251    .text               mc_w.l(llshl.o)
    0x08002244   0x00000020   Code   RO          253    .text               mc_w.l(llushr.o)
    0x08002264   0x00000024   Code   RO          255    .text               mc_w.l(llsshr.o)
    0x08002288   0x00000000   Code   RO          257    .text               mc_w.l(iusefp.o)
    0x08002288   0x0000006c   Code   RO          258    .text               mf_w.l(fepilogue.o)
    0x080022f4   0x000000be   Code   RO          260    .text               mf_w.l(depilogue.o)
    0x080023b2   0x00000002   PAD
    0x080023b4   0x00000024   Code   RO          262    .text               mc_w.l(init.o)
    0x080023d8   0x0000000e   Code   RO          266    i.__scatterload_copy  mc_w.l(handlers.o)
    0x080023e6   0x00000002   Code   RO          267    i.__scatterload_null  mc_w.l(handlers.o)
    0x080023e8   0x0000000e   Code   RO          268    i.__scatterload_zeroinit  mc_w.l(handlers.o)
    0x080023f6   0x00000002   PAD
    0x080023f8   0x00000020   Data   RO          264    Region$$Table       anon$$obj.o


    Execution Region RW_IRAM1 (Base: 0x20000000, Size: 0x00000478, Max: 0x00005000, ABSOLUTE)

    Base Addr    Size         Type   Attr      Idx    E Section Name        Object

    0x20000000   0x00000014   Data   RW          144    .data               stm32f10x_rcc.o
    0x20000014   0x0000002e   Data   RW          159    .data               main.o
    0x20000042   0x00000002   PAD
    0x20000044   0x00000014   Data   RW          193    .data               system_stm32f10x.o
    0x20000058   0x0000001a   Zero   RW          158    .bss                main.o
    0x20000072   0x00000006   PAD
    0x20000078   0x00000400   Zero   RW            1    STACK               startup_stm32f10x_hd.o


==============================================================================

Image component sizes


      Code (inc. data)   RO Data    RW Data    ZI Data      Debug   Object Name

         0          0          0          0          0       4212   core_cm3.o
       924        118          0         46         26       2801   main.o
       220         20          0          0          0     244149   misc.o
        36          8        304          0       1024        888   startup_stm32f10x_hd.o
       864         40          0          0          0       5857   stm32f10x_gpio.o
        26          0          0          0          0       1142   stm32f10x_it.o
       932         44          0         20          0       8820   stm32f10x_rcc.o
      3610         88          0          0          0      22164   stm32f10x_tim.o
       476         36          0         20          0       1627   system_stm32f10x.o

    ----------------------------------------------------------------------
      7092        354        336         88       1056     291660   Object Totals
         0          0         32          0          0          0   (incl. Generated)
         4          0          0          2          6          0   (incl. Padding)

    ----------------------------------------------------------------------

      Code (inc. data)   RO Data    RW Data    ZI Data      Debug   Library Member Name

         0          0          0          0          0          0   entry.o
         0          0          0          0          0          0   entry10a.o
         0          0          0          0          0          0   entry11a.o
         8          4          0          0          0          0   entry2.o
         4          0          0          0          0          0   entry5.o
         0          0          0          0          0          0   entry7b.o
         0          0          0          0          0          0   entry8b.o
         8          4          0          0          0          0   entry9a.o
        30          0          0          0          0          0   handlers.o
        36          8          0          0          0         68   init.o
         0          0          0          0          0          0   iusefp.o
        30          0          0          0          0         68   llshl.o
        36          0          0          0          0         68   llsshr.o
        32          0          0          0          0         68   llushr.o
        56          0          0          0          0         88   d2f.o
       334          0          0          0          0        148   dadd.o
       222          0          0          0          0        100   ddiv.o
       190          0          0          0          0        176   depilogue.o
        62          0          0          0          0         80   dfixi.o
        34          0          0          0          0         76   dflti.o
       228          0          0          0          0         96   dmul.o
        38          0          0          0          0         68   f2d.o
       176          0          0          0          0        140   fadd.o
       108          0          0          0          0        168   fepilogue.o
        40          0          0          0          0         68   ffixui.o
        18          0          0          0          0         68   fflti.o
        10          0          0          0          0         68   ffltui.o
       108          0          0          0          0         76   fmul.o

    ----------------------------------------------------------------------
      1812         16          0          0          0       1692   Library Totals
         4          0          0          0          0          0   (incl. Padding)

    ----------------------------------------------------------------------

      Code (inc. data)   RO Data    RW Data    ZI Data      Debug   Library Name

       184         16          0          0          0        272   mc_w.l
      1624          0          0          0          0       1420   mf_w.l

    ----------------------------------------------------------------------
      1812         16          0          0          0       1692   Library Totals

    ----------------------------------------------------------------------

==============================================================================


      Code (inc. data)   RO Data    RW Data    ZI Data      Debug   

      8904        370        336         88       1056     291948   Grand Totals
      8904        370        336         88       1056     291948   ELF Image Totals
      8904        370        336         88          0          0   ROM Totals

==============================================================================

    Total RO  Size (Code + RO Data)                 9240 (   9.02kB)
    Total RW  Size (RW Data + ZI Data)              1144 (   1.12kB)
    Total ROM Size (Code + RO Data + RW Data)       9328 (   9.11kB)

==============================================================================

