ARM Linker, 5.03 [Build 76] [MDK-ARM Standard]

==============================================================================

Section Cross References

    main.o(i.I2C_Configuration) refers to stm32f4xx_rcc.o(i.RCC_AHB1PeriphClockCmd) for RCC_AHB1PeriphClockCmd
    main.o(i.I2C_Configuration) refers to stm32f4xx_rcc.o(i.RCC_APB1PeriphClockCmd) for RCC_APB1PeriphClockCmd
    main.o(i.I2C_Configuration) refers to stm32f4xx_gpio.o(i.GPIO_Init) for GPIO_Init
    main.o(i.I2C_Configuration) refers to stm32f4xx_gpio.o(i.GPIO_PinAFConfig) for GPIO_PinAFConfig
    main.o(i.I2C_Configuration) refers to stm32f4xx_i2c.o(i.I2C_DeInit) for I2C_DeInit
    main.o(i.I2C_Configuration) refers to stm32f4xx_i2c.o(i.I2C_Init) for I2C_Init
    main.o(i.I2C_Configuration) refers to stm32f4xx_i2c.o(i.I2C_Cmd) for I2C_Cmd
    main.o(i.main) refers to main.o(i.I2C_Configuration) for I2C_Configuration
    main.o(i.main) refers to uart_config.o(i.Uart_Config) for Uart_Config
    main.o(i.main) refers to stm32f4xx_rcc.o(i.RCC_AHB1PeriphClockCmd) for RCC_AHB1PeriphClockCmd
    main.o(i.main) refers to stm32f4xx_gpio.o(i.GPIO_Init) for GPIO_Init
    main.o(i.main) refers to systick.o(i.SysTick_Configuration) for SysTick_Configuration
    main.o(i.main) refers to systick.o(i.Delay) for Delay
    main.o(i.main) refers to mpu6050.o(i.MPU6050_Initialize) for MPU6050_Initialize
    main.o(i.main) refers to hmc5883l.o(i.HMC5883L_Initialize) for HMC5883L_Initialize
    main.o(i.main) refers to mpu6050.o(i.MPU6050_I2C_BufferRead) for MPU6050_I2C_BufferRead
    main.o(i.main) refers to stm32f4xx_gpio.o(i.GPIO_ToggleBits) for GPIO_ToggleBits
    main.o(i.main) refers to f2d.o(.text) for __aeabi_f2d
    main.o(i.main) refers to printfa.o(i.__0sprintf) for __2sprintf
    main.o(i.main) refers to uart_config.o(i.USART_puts) for USART_puts
    main.o(i.main) refers to mpu6050.o(i.MPU6050_GetRawAccelTempGyro) for MPU6050_GetRawAccelTempGyro
    main.o(i.main) refers to hmc5883l.o(i.HMC5883L_GetHeading) for HMC5883L_GetHeading
    main.o(i.main) refers to dmul.o(.text) for __aeabi_dmul
    main.o(i.main) refers to ddiv.o(.text) for __aeabi_ddiv
    main.o(i.main) refers to d2f.o(.text) for __aeabi_d2f
    main.o(i.main) refers to madgwickahrs.o(i.MadgwickAHRSupdate) for MadgwickAHRSupdate
    main.o(i.main) refers to atan2.o(i.__hardfp_atan2) for __hardfp_atan2
    main.o(i.main) refers to asin.o(i.__hardfp_asin) for __hardfp_asin
    main.o(i.main) refers to main.o(.data) for .data
    main.o(i.main) refers to main.o(.bss) for .bss
    system_stm32f4xx.o(i.SystemCoreClockUpdate) refers to system_stm32f4xx.o(.data) for .data
    system_stm32f4xx.o(i.SystemInit) refers to system_stm32f4xx.o(i.SetSysClock) for SetSysClock
    startup_stm32f4xx.o(RESET) refers to startup_stm32f4xx.o(STACK) for __initial_sp
    startup_stm32f4xx.o(RESET) refers to startup_stm32f4xx.o(.text) for Reset_Handler
    startup_stm32f4xx.o(RESET) refers to stm32f4xx_it.o(i.NMI_Handler) for NMI_Handler
    startup_stm32f4xx.o(RESET) refers to stm32f4xx_it.o(i.HardFault_Handler) for HardFault_Handler
    startup_stm32f4xx.o(RESET) refers to stm32f4xx_it.o(i.MemManage_Handler) for MemManage_Handler
    startup_stm32f4xx.o(RESET) refers to stm32f4xx_it.o(i.BusFault_Handler) for BusFault_Handler
    startup_stm32f4xx.o(RESET) refers to stm32f4xx_it.o(i.UsageFault_Handler) for UsageFault_Handler
    startup_stm32f4xx.o(RESET) refers to stm32f4xx_it.o(i.SVC_Handler) for SVC_Handler
    startup_stm32f4xx.o(RESET) refers to stm32f4xx_it.o(i.DebugMon_Handler) for DebugMon_Handler
    startup_stm32f4xx.o(RESET) refers to stm32f4xx_it.o(i.PendSV_Handler) for PendSV_Handler
    startup_stm32f4xx.o(RESET) refers to systick.o(i.SysTick_Handler) for SysTick_Handler
    startup_stm32f4xx.o(.text) refers to system_stm32f4xx.o(i.SystemInit) for SystemInit
    startup_stm32f4xx.o(.text) refers to entry.o(.ARM.Collect$$$$00000000) for __main
    stm32f4xx_gpio.o(i.GPIO_DeInit) refers to stm32f4xx_rcc.o(i.RCC_AHB1PeriphResetCmd) for RCC_AHB1PeriphResetCmd
    stm32f4xx_rcc.o(i.RCC_GetClocksFreq) refers to stm32f4xx_rcc.o(.data) for .data
    stm32f4xx_rcc.o(i.RCC_WaitForHSEStartUp) refers to stm32f4xx_rcc.o(i.RCC_GetFlagStatus) for RCC_GetFlagStatus
    stm32f4xx_syscfg.o(i.SYSCFG_DeInit) refers to stm32f4xx_rcc.o(i.RCC_APB2PeriphResetCmd) for RCC_APB2PeriphResetCmd
    stm32f4xx_usart.o(i.USART_DeInit) refers to stm32f4xx_rcc.o(i.RCC_APB2PeriphResetCmd) for RCC_APB2PeriphResetCmd
    stm32f4xx_usart.o(i.USART_DeInit) refers to stm32f4xx_rcc.o(i.RCC_APB1PeriphResetCmd) for RCC_APB1PeriphResetCmd
    stm32f4xx_usart.o(i.USART_Init) refers to stm32f4xx_rcc.o(i.RCC_GetClocksFreq) for RCC_GetClocksFreq
    stm32f4xx_i2c.o(i.I2C_DeInit) refers to stm32f4xx_rcc.o(i.RCC_APB1PeriphResetCmd) for RCC_APB1PeriphResetCmd
    stm32f4xx_i2c.o(i.I2C_Init) refers to stm32f4xx_rcc.o(i.RCC_GetClocksFreq) for RCC_GetClocksFreq
[...]
    printfa.o(i._sputc) refers (Special) to iusefp.o(.text) for __I$use$fp
    dadd.o(.text) refers (Special) to iusefp.o(.text) for __I$use$fp
    dadd.o(.text) refers to llshl.o(.text) for __aeabi_llsl
    dadd.o(.text) refers to llsshr.o(.text) for __aeabi_lasr
    dadd.o(.text) refers to depilogue.o(.text) for _double_epilogue
    dmul.o(.text) refers (Special) to iusefp.o(.text) for __I$use$fp
    dmul.o(.text) refers to depilogue.o(.text) for _double_epilogue
    ddiv.o(.text) refers (Special) to iusefp.o(.text) for __I$use$fp
    ddiv.o(.text) refers to depilogue.o(.text) for _double_round
    dflti.o(.text) refers (Special) to iusefp.o(.text) for __I$use$fp
    dflti.o(.text) refers to depilogue.o(.text) for _double_epilogue
    dfltui.o(.text) refers (Special) to iusefp.o(.text) for __I$use$fp
    dfltui.o(.text) refers to depilogue.o(.text) for _double_epilogue
    f2d.o(.text) refers (Special) to iusefp.o(.text) for __I$use$fp
    d2f.o(.text) refers (Special) to iusefp.o(.text) for __I$use$fp
    d2f.o(.text) refers to fepilogue.o(.text) for _float_round
    atan.o(i.__hardfp_atan) refers (Special) to iusefp.o(.text) for __I$use$fp
    atan.o(i.__hardfp_atan) refers to dadd.o(.text) for __aeabi_dadd
    atan.o(i.__hardfp_atan) refers to fpclassify.o(i.__ARM_fpclassify) for __ARM_fpclassify
    atan.o(i.__hardfp_atan) refers to dunder.o(i.__mathlib_dbl_underflow) for __mathlib_dbl_underflow
    atan.o(i.__hardfp_atan) refers to fabs.o(i.fabs) for fabs
    atan.o(i.__hardfp_atan) refers to dmul.o(.text) for __aeabi_dmul
    atan.o(i.__hardfp_atan) refers to ddiv.o(.text) for __aeabi_ddiv
    atan.o(i.__hardfp_atan) refers to poly.o(i.__kernel_poly) for __kernel_poly
    atan.o(i.__hardfp_atan) refers to atan.o(.constdata) for .constdata
    atan.o(i.__softfp_atan) refers (Special) to iusefp.o(.text) for __I$use$fp
    atan.o(i.__softfp_atan) refers to atan.o(i.__hardfp_atan) for __hardfp_atan
    atan.o(i.atan) refers (Special) to iusefp.o(.text) for __I$use$fp
    atan.o(i.atan) refers to atan.o(i.__hardfp_atan) for __hardfp_atan
    atan.o(.constdata) refers (Special) to iusefp.o(.text) for __I$use$fp
    atan_x.o(i.____hardfp_atan$lsc) refers (Special) to iusefp.o(.text) for __I$use$fp
    atan_x.o(i.____hardfp_atan$lsc) refers to dadd.o(.text) for __aeabi_dadd
    atan_x.o(i.____hardfp_atan$lsc) refers to fabs.o(i.fabs) for fabs
    atan_x.o(i.____hardfp_atan$lsc) refers to dmul.o(.text) for __aeabi_dmul
    atan_x.o(i.____hardfp_atan$lsc) refers to ddiv.o(.text) for __aeabi_ddiv
    atan_x.o(i.____hardfp_atan$lsc) refers to poly.o(i.__kernel_poly) for __kernel_poly
    atan_x.o(i.____hardfp_atan$lsc) refers to atan_x.o(.constdata) for .constdata
    atan_x.o(i.____softfp_atan$lsc) refers (Special) to iusefp.o(.text) for __I$use$fp
    atan_x.o(i.____softfp_atan$lsc) refers to atan_x.o(i.____hardfp_atan$lsc) for ____hardfp_atan$lsc
    atan_x.o(i.__atan$lsc) refers (Special) to iusefp.o(.text) for __I$use$fp
    atan_x.o(i.__atan$lsc) refers to atan_x.o(i.____hardfp_atan$lsc) for ____hardfp_atan$lsc
    atan_x.o(.constdata) refers (Special) to iusefp.o(.text) for __I$use$fp
    dunder.o(i.__mathlib_dbl_underflow) refers to dmul.o(.text) for __aeabi_dmul
    fabs.o(i.__hardfp_fabs) refers (Special) to iusefp.o(.text) for __I$use$fp
    fabs.o(i.__softfp_fabs) refers (Special) to iusefp.o(.text) for __I$use$fp
    fabs.o(i.fabs) refers (Special) to iusefp.o(.text) for __I$use$fp
    fpclassify.o(i.__ARM_fpclassify) refers (Special) to iusefp.o(.text) for __I$use$fp
    poly.o(i.__kernel_poly) refers (Special) to iusefp.o(.text) for __I$use$fp
    poly.o(i.__kernel_poly) refers to dmul.o(.text) for __aeabi_dmul
    poly.o(i.__kernel_poly) refers to dadd.o(.text) for __aeabi_dadd
    qnan.o(.constdata) refers (Special) to iusefp.o(.text) for __I$use$fp
    entry2.o(.ARM.Collect$$$$00000001) refers to entry2.o(.ARM.Collect$$$$00002712) for __lit__00000000
    entry2.o(.ARM.Collect$$$$00002712) refers to startup_stm32f4xx.o(STACK) for __initial_sp
    entry2.o(__vectab_stack_and_reset_area) refers to startup_stm32f4xx.o(STACK) for __initial_sp
    entry2.o(__vectab_stack_and_reset_area) refers to entry.o(.ARM.Collect$$$$00000000) for __main
    entry5.o(.ARM.Collect$$$$00000004) refers to init.o(.text) for __scatterload
    entry9a.o(.ARM.Collect$$$$0000000B) refers to main.o(i.main) for main
    entry9b.o(.ARM.Collect$$$$0000000C) refers to main.o(i.main) for main
    fputc.o(i.fputc) refers (Special) to iusesemip.o(.text) for __I$use$semihosting$fputc
    fputc.o(i.fputc) refers (Special) to semi.o(.text) for __semihosting_library_function
    uldiv.o(.text) refers to llushr.o(.text) for __aeabi_llsr
    uldiv.o(.text) refers to llshl.o(.text) for __aeabi_llsl
    errno.o(i.__aeabi_errno_addr) refers to errno.o(.data) for .data
    errno.o(i.__read_errno) refers to errno.o(.data) for .data
    errno.o(i.__set_errno) refers to errno.o(.data) for .data
    depilogue.o(.text) refers to llshl.o(.text) for __aeabi_llsl
    depilogue.o(.text) refers to llushr.o(.text) for __aeabi_llsr
    dsqrt.o(.text) refers to llushr.o(.text) for __aeabi_llsr
    dsqrt.o(.text) refers to depilogue.o(.text) for _double_round
    dfixul.o(.text) refers to llushr.o(.text) for __aeabi_llsr
    dfixul.o(.text) refers to llshl.o(.text) for __aeabi_llsl
    init.o(.text) refers to entry5.o(.ARM.Collect$$$$00000004) for __main_after_scatterload


==============================================================================

Removing Unused input sections from the image.

    Removing main.o(.rev16_text), (4 bytes).
    Removing main.o(.revsh_text), (4 bytes).
    Removing main.o(.data), (4 bytes).
    Removing stm32f4xx_it.o(.rev16_text), (4 bytes).
    Removing stm32f4xx_it.o(.revsh_text), (4 bytes).
    Removing stm32f4xx_it.o(.data), (2 bytes).
    Removing system_stm32f4xx.o(.rev16_text), (4 bytes).
    Removing system_stm32f4xx.o(.revsh_text), (4 bytes).
    Removing system_stm32f4xx.o(i.SystemCoreClockUpdate), (120 bytes).
    Removing startup_stm32f4xx.o(HEAP), (512 bytes).
    Removing misc.o(.rev16_text), (4 bytes).
    Removing misc.o(.revsh_text), (4 bytes).
    Removing misc.o(i.NVIC_PriorityGroupConfig), (20 bytes).
    Removing misc.o(i.NVIC_SetVectorTable), (20 bytes).
    Removing misc.o(i.NVIC_SystemLPConfig), (24 bytes).
    Removing misc.o(i.SysTick_CLKSourceConfig), (24 bytes).
    Removing stm32f4xx_gpio.o(.rev16_text), (4 bytes).
    Removing stm32f4xx_gpio.o(.revsh_text), (4 bytes).
    Removing stm32f4xx_gpio.o(i.GPIO_DeInit), (228 bytes).
    Removing stm32f4xx_gpio.o(i.GPIO_PinLockConfig), (24 bytes).
    Removing stm32f4xx_gpio.o(i.GPIO_ReadInputData), (6 bytes).
    Removing stm32f4xx_gpio.o(i.GPIO_ReadInputDataBit), (14 bytes).
    Removing stm32f4xx_gpio.o(i.GPIO_ReadOutputData), (6 bytes).
    Removing stm32f4xx_gpio.o(i.GPIO_ReadOutputDataBit), (14 bytes).
    Removing stm32f4xx_gpio.o(i.GPIO_ResetBits), (4 bytes).
    Removing stm32f4xx_gpio.o(i.GPIO_SetBits), (4 bytes).
    Removing stm32f4xx_gpio.o(i.GPIO_StructInit), (18 bytes).
    Removing stm32f4xx_gpio.o(i.GPIO_Write), (4 bytes).
    Removing stm32f4xx_gpio.o(i.GPIO_WriteBit), (10 bytes).
    Removing stm32f4xx_rcc.o(.rev16_text), (4 bytes).
    Removing stm32f4xx_rcc.o(.revsh_text), (4 bytes).
    Removing stm32f4xx_rcc.o(i.RCC_AHB1PeriphClockLPModeCmd), (24 bytes).
    Removing stm32f4xx_rcc.o(i.RCC_AHB1PeriphResetCmd), (24 bytes).
    Removing stm32f4xx_rcc.o(i.RCC_AHB2PeriphClockCmd), (24 bytes).
    Removing stm32f4xx_rcc.o(i.RCC_AHB2PeriphClockLPModeCmd), (24 bytes).
    Removing stm32f4xx_rcc.o(i.RCC_AHB2PeriphResetCmd), (24 bytes).
    Removing stm32f4xx_rcc.o(i.RCC_AHB3PeriphClockCmd), (24 bytes).
    Removing stm32f4xx_rcc.o(i.RCC_AHB3PeriphClockLPModeCmd), (24 bytes).
    Removing stm32f4xx_rcc.o(i.RCC_AHB3PeriphResetCmd), (24 bytes).
    Removing stm32f4xx_rcc.o(i.RCC_APB1PeriphClockLPModeCmd), (24 bytes).
    Removing stm32f4xx_rcc.o(i.RCC_APB2PeriphClockLPModeCmd), (24 bytes).
    Removing stm32f4xx_rcc.o(i.RCC_APB2PeriphResetCmd), (24 bytes).
    Removing stm32f4xx_rcc.o(i.RCC_AdjustHSICalibrationValue), (20 bytes).
    Removing stm32f4xx_rcc.o(i.RCC_BackupResetCmd), (12 bytes).
    Removing stm32f4xx_rcc.o(i.RCC_ClearFlag), (16 bytes).
    Removing stm32f4xx_rcc.o(i.RCC_ClearITPendingBit), (12 bytes).
    Removing stm32f4xx_rcc.o(i.RCC_ClockSecuritySystemCmd), (12 bytes).
    Removing stm32f4xx_rcc.o(i.RCC_DeInit), (60 bytes).
    Removing stm32f4xx_rcc.o(i.RCC_GetFlagStatus), (52 bytes).
    Removing stm32f4xx_rcc.o(i.RCC_GetITStatus), (20 bytes).
    Removing stm32f4xx_rcc.o(i.RCC_GetSYSCLKSource), (16 bytes).
    Removing stm32f4xx_rcc.o(i.RCC_HCLKConfig), (20 bytes).
    Removing stm32f4xx_rcc.o(i.RCC_HSEConfig), (16 bytes).
    Removing stm32f4xx_rcc.o(i.RCC_HSICmd), (12 bytes).
    Removing stm32f4xx_rcc.o(i.RCC_I2SCLKConfig), (12 bytes).
    Removing stm32f4xx_rcc.o(i.RCC_ITConfig), (24 bytes).
    Removing stm32f4xx_rcc.o(i.RCC_LSEConfig), (28 bytes).
    Removing stm32f4xx_rcc.o(i.RCC_LSICmd), (12 bytes).
    Removing stm32f4xx_rcc.o(i.RCC_MCO1Config), (20 bytes).
    Removing stm32f4xx_rcc.o(i.RCC_MCO2Config), (20 bytes).
    Removing stm32f4xx_rcc.o(i.RCC_PCLK1Config), (20 bytes).
    Removing stm32f4xx_rcc.o(i.RCC_PCLK2Config), (20 bytes).
    Removing stm32f4xx_rcc.o(i.RCC_PLLCmd), (12 bytes).
    Removing stm32f4xx_rcc.o(i.RCC_PLLConfig), (40 bytes).
    Removing stm32f4xx_rcc.o(i.RCC_PLLI2SCmd), (12 bytes).
    Removing stm32f4xx_rcc.o(i.RCC_PLLI2SConfig), (16 bytes).
    Removing stm32f4xx_rcc.o(i.RCC_RTCCLKCmd), (12 bytes).
    Removing stm32f4xx_rcc.o(i.RCC_RTCCLKConfig), (48 bytes).
    Removing stm32f4xx_rcc.o(i.RCC_SYSCLKConfig), (20 bytes).
    Removing stm32f4xx_rcc.o(i.RCC_WaitForHSEStartUp), (44 bytes).
    Removing stm32f4xx_syscfg.o(.rev16_text), (4 bytes).
    Removing stm32f4xx_syscfg.o(.revsh_text), (4 bytes).
    Removing stm32f4xx_syscfg.o(i.SYSCFG_CompensationCellCmd), (12 bytes).
    Removing stm32f4xx_syscfg.o(i.SYSCFG_DeInit), (24 bytes).
    Removing stm32f4xx_syscfg.o(i.SYSCFG_ETH_MediaInterfaceConfig), (12 bytes).
    Removing stm32f4xx_syscfg.o(i.SYSCFG_EXTILineConfig), (40 bytes).
    Removing stm32f4xx_syscfg.o(i.SYSCFG_GetCompensationCellStatus), (20 bytes).
    Removing stm32f4xx_syscfg.o(i.SYSCFG_MemoryRemapConfig), (12 bytes).
    Removing stm32f4xx_usart.o(.rev16_text), (4 bytes).
    Removing stm32f4xx_usart.o(.revsh_text), (4 bytes).
    Removing stm32f4xx_usart.o(i.USART_ClearFlag), (6 bytes).
    Removing stm32f4xx_usart.o(i.USART_ClearITPendingBit), (12 bytes).
    Removing stm32f4xx_usart.o(i.USART_ClockInit), (28 bytes).
    Removing stm32f4xx_usart.o(i.USART_ClockStructInit), (12 bytes).
    Removing stm32f4xx_usart.o(i.USART_DMACmd), (16 bytes).
    Removing stm32f4xx_usart.o(i.USART_DeInit), (140 bytes).
    Removing stm32f4xx_usart.o(i.USART_GetITStatus), (62 bytes).
    Removing stm32f4xx_usart.o(i.USART_HalfDuplexCmd), (20 bytes).
    Removing stm32f4xx_usart.o(i.USART_IrDACmd), (20 bytes).
    Removing stm32f4xx_usart.o(i.USART_IrDAConfig), (16 bytes).
    Removing stm32f4xx_usart.o(i.USART_LINBreakDetectLengthConfig), (16 bytes).
    Removing stm32f4xx_usart.o(i.USART_LINCmd), (20 bytes).
    Removing stm32f4xx_usart.o(i.USART_OneBitMethodCmd), (20 bytes).
    Removing stm32f4xx_usart.o(i.USART_OverSampling8Cmd), (20 bytes).
    Removing stm32f4xx_usart.o(i.USART_ReceiveData), (8 bytes).
    Removing stm32f4xx_usart.o(i.USART_ReceiverWakeUpCmd), (20 bytes).
    Removing stm32f4xx_usart.o(i.USART_SendBreak), (10 bytes).
    Removing stm32f4xx_usart.o(i.USART_SetAddress), (16 bytes).
    Removing stm32f4xx_usart.o(i.USART_SetGuardTime), (16 bytes).
    Removing stm32f4xx_usart.o(i.USART_SetPrescaler), (16 bytes).
    Removing stm32f4xx_usart.o(i.USART_SmartCardCmd), (20 bytes).
    Removing stm32f4xx_usart.o(i.USART_SmartCardNACKCmd), (20 bytes).
    Removing stm32f4xx_usart.o(i.USART_StructInit), (22 bytes).
    Removing stm32f4xx_usart.o(i.USART_WakeUpConfig), (16 bytes).
    Removing stm32f4xx_i2c.o(.rev16_text), (4 bytes).
    Removing stm32f4xx_i2c.o(.revsh_text), (4 bytes).
    Removing stm32f4xx_i2c.o(i.I2C_ARPCmd), (20 bytes).
    Removing stm32f4xx_i2c.o(i.I2C_CalculatePEC), (20 bytes).
    Removing stm32f4xx_i2c.o(i.I2C_DMACmd), (20 bytes).
    Removing stm32f4xx_i2c.o(i.I2C_DMALastTransferCmd), (20 bytes).
    Removing stm32f4xx_i2c.o(i.I2C_DualAddressCmd), (20 bytes).
    Removing stm32f4xx_i2c.o(i.I2C_FastModeDutyCycleConfig), (22 bytes).
    Removing stm32f4xx_i2c.o(i.I2C_GeneralCallCmd), (20 bytes).
    Removing stm32f4xx_i2c.o(i.I2C_GetITStatus), (36 bytes).
    Removing stm32f4xx_i2c.o(i.I2C_GetLastEvent), (14 bytes).
    Removing stm32f4xx_i2c.o(i.I2C_GetPEC), (6 bytes).
    Removing stm32f4xx_i2c.o(i.I2C_ITConfig), (16 bytes).
    Removing stm32f4xx_i2c.o(i.I2C_NACKPositionConfig), (22 bytes).
    Removing stm32f4xx_i2c.o(i.I2C_OwnAddress2Config), (16 bytes).
    Removing stm32f4xx_i2c.o(i.I2C_PECPositionConfig), (22 bytes).
    Removing stm32f4xx_i2c.o(i.I2C_ReadRegister), (10 bytes).
    Removing stm32f4xx_i2c.o(i.I2C_SMBusAlertConfig), (22 bytes).
    Removing stm32f4xx_i2c.o(i.I2C_SoftwareResetCmd), (20 bytes).
    Removing stm32f4xx_i2c.o(i.I2C_StretchClockCmd), (20 bytes).
    Removing stm32f4xx_i2c.o(i.I2C_StructInit), (28 bytes).
    Removing stm32f4xx_i2c.o(i.I2C_TransmitPEC), (20 bytes).
    Removing stm32f4xx_tim.o(.rev16_text), (4 bytes).
    Removing stm32f4xx_tim.o(.revsh_text), (4 bytes).
    Removing stm32f4xx_tim.o(i.TI1_Config), (46 bytes).
    Removing stm32f4xx_tim.o(i.TI2_Config), (54 bytes).
    Removing stm32f4xx_tim.o(i.TIM_ARRPreloadConfig), (20 bytes).
    Removing stm32f4xx_tim.o(i.TIM_BDTRConfig), (34 bytes).
    Removing stm32f4xx_tim.o(i.TIM_BDTRStructInit), (18 bytes).
    Removing stm32f4xx_tim.o(i.TIM_CCPreloadControl), (20 bytes).
    Removing stm32f4xx_tim.o(i.TIM_CCxCmd), (22 bytes).
    Removing stm32f4xx_tim.o(i.TIM_CCxNCmd), (22 bytes).
    Removing stm32f4xx_tim.o(i.TIM_ClearFlag), (6 bytes).
    Removing stm32f4xx_tim.o(i.TIM_ClearITPendingBit), (6 bytes).
    Removing stm32f4xx_tim.o(i.TIM_ClearOC1Ref), (12 bytes).
    Removing stm32f4xx_tim.o(i.TIM_ClearOC2Ref), (20 bytes).
    Removing stm32f4xx_tim.o(i.TIM_ClearOC3Ref), (12 bytes).
    Removing stm32f4xx_tim.o(i.TIM_ClearOC4Ref), (20 bytes).
    Removing stm32f4xx_tim.o(i.TIM_Cmd), (20 bytes).
    Removing stm32f4xx_tim.o(i.TIM_CounterModeConfig), (12 bytes).
    Removing stm32f4xx_tim.o(i.TIM_CtrlPWMOutputs), (22 bytes).
    Removing stm32f4xx_tim.o(i.TIM_DMACmd), (16 bytes).
    Removing stm32f4xx_tim.o(i.TIM_DMAConfig), (8 bytes).
    Removing stm32f4xx_tim.o(i.TIM_DeInit), (336 bytes).
    Removing stm32f4xx_tim.o(i.TIM_ETRClockMode1Config), (18 bytes).
    Removing stm32f4xx_tim.o(i.TIM_ETRClockMode2Config), (18 bytes).
    Removing stm32f4xx_tim.o(i.TIM_ETRConfig), (24 bytes).
    Removing stm32f4xx_tim.o(i.TIM_EncoderInterfaceConfig), (50 bytes).
    Removing stm32f4xx_tim.o(i.TIM_ForcedOC1Config), (12 bytes).
    Removing stm32f4xx_tim.o(i.TIM_ForcedOC2Config), (20 bytes).
    Removing stm32f4xx_tim.o(i.TIM_ForcedOC3Config), (12 bytes).
    Removing stm32f4xx_tim.o(i.TIM_ForcedOC4Config), (20 bytes).
    Removing stm32f4xx_tim.o(i.TIM_GenerateEvent), (4 bytes).
    Removing stm32f4xx_tim.o(i.TIM_GetCapture1), (4 bytes).
    Removing stm32f4xx_tim.o(i.TIM_GetCapture2), (4 bytes).
    Removing stm32f4xx_tim.o(i.TIM_GetCapture3), (4 bytes).
    Removing stm32f4xx_tim.o(i.TIM_GetCapture4), (4 bytes).
    Removing stm32f4xx_tim.o(i.TIM_GetCounter), (4 bytes).
    Removing stm32f4xx_tim.o(i.TIM_GetFlagStatus), (14 bytes).
    Removing stm32f4xx_tim.o(i.TIM_GetITStatus), (24 bytes).
    Removing stm32f4xx_tim.o(i.TIM_GetPrescaler), (4 bytes).
    Removing stm32f4xx_tim.o(i.TIM_ICInit), (172 bytes).
    Removing stm32f4xx_tim.o(i.TIM_ICStructInit), (16 bytes).
    Removing stm32f4xx_tim.o(i.TIM_ITConfig), (16 bytes).
    Removing stm32f4xx_tim.o(i.TIM_ITRxExternalClockConfig), (18 bytes).
    Removing stm32f4xx_tim.o(i.TIM_InternalClockConfig), (10 bytes).
    Removing stm32f4xx_tim.o(i.TIM_OC1FastConfig), (12 bytes).
    Removing stm32f4xx_tim.o(i.TIM_OC1Init), (96 bytes).
    Removing stm32f4xx_tim.o(i.TIM_OC1NPolarityConfig), (12 bytes).
    Removing stm32f4xx_tim.o(i.TIM_OC1PolarityConfig), (12 bytes).
    Removing stm32f4xx_tim.o(i.TIM_OC1PreloadConfig), (12 bytes).
    Removing stm32f4xx_tim.o(i.TIM_OC2FastConfig), (20 bytes).
    Removing stm32f4xx_tim.o(i.TIM_OC2Init), (128 bytes).
    Removing stm32f4xx_tim.o(i.TIM_OC2NPolarityConfig), (20 bytes).
    Removing stm32f4xx_tim.o(i.TIM_OC2PolarityConfig), (20 bytes).
    Removing stm32f4xx_tim.o(i.TIM_OC2PreloadConfig), (20 bytes).
    Removing stm32f4xx_tim.o(i.TIM_OC3FastConfig), (12 bytes).
    Removing stm32f4xx_tim.o(i.TIM_OC3Init), (124 bytes).
    Removing stm32f4xx_tim.o(i.TIM_OC3NPolarityConfig), (20 bytes).
    Removing stm32f4xx_tim.o(i.TIM_OC3PolarityConfig), (20 bytes).
    Removing stm32f4xx_tim.o(i.TIM_OC3PreloadConfig), (12 bytes).
    Removing stm32f4xx_tim.o(i.TIM_OC4FastConfig), (20 bytes).
    Removing stm32f4xx_tim.o(i.TIM_OC4Init), (96 bytes).
    Removing stm32f4xx_tim.o(i.TIM_OC4PolarityConfig), (20 bytes).
    Removing stm32f4xx_tim.o(i.TIM_OC4PreloadConfig), (20 bytes).
    Removing stm32f4xx_tim.o(i.TIM_OCStructInit), (20 bytes).
    Removing stm32f4xx_tim.o(i.TIM_PWMIConfig), (108 bytes).
    Removing stm32f4xx_tim.o(i.TIM_PrescalerConfig), (6 bytes).
    Removing stm32f4xx_tim.o(i.TIM_RemapConfig), (6 bytes).
    Removing stm32f4xx_tim.o(i.TIM_SelectCCDMA), (20 bytes).
    Removing stm32f4xx_tim.o(i.TIM_SelectCOM), (20 bytes).
    Removing stm32f4xx_tim.o(i.TIM_SelectHallSensor), (20 bytes).
    Removing stm32f4xx_tim.o(i.TIM_SelectInputTrigger), (12 bytes).
    Removing stm32f4xx_tim.o(i.TIM_SelectMasterSlaveMode), (16 bytes).
    Removing stm32f4xx_tim.o(i.TIM_SelectOCxM), (74 bytes).
    Removing stm32f4xx_tim.o(i.TIM_SelectOnePulseMode), (16 bytes).
    Removing stm32f4xx_tim.o(i.TIM_SelectOutputTrigger), (16 bytes).
    Removing stm32f4xx_tim.o(i.TIM_SelectSlaveMode), (16 bytes).
    Removing stm32f4xx_tim.o(i.TIM_SetAutoreload), (4 bytes).
    Removing stm32f4xx_tim.o(i.TIM_SetClockDivision), (16 bytes).
    Removing stm32f4xx_tim.o(i.TIM_SetCompare1), (4 bytes).
    Removing stm32f4xx_tim.o(i.TIM_SetCompare2), (4 bytes).
    Removing stm32f4xx_tim.o(i.TIM_SetCompare3), (4 bytes).
    Removing stm32f4xx_tim.o(i.TIM_SetCompare4), (4 bytes).
    Removing stm32f4xx_tim.o(i.TIM_SetCounter), (4 bytes).
    Removing stm32f4xx_tim.o(i.TIM_SetIC1Prescaler), (16 bytes).
    Removing stm32f4xx_tim.o(i.TIM_SetIC2Prescaler), (24 bytes).
    Removing stm32f4xx_tim.o(i.TIM_SetIC3Prescaler), (16 bytes).
    Removing stm32f4xx_tim.o(i.TIM_SetIC4Prescaler), (24 bytes).
    Removing stm32f4xx_tim.o(i.TIM_TIxExternalClockConfig), (46 bytes).
    Removing stm32f4xx_tim.o(i.TIM_TimeBaseInit), (124 bytes).
    Removing stm32f4xx_tim.o(i.TIM_TimeBaseStructInit), (18 bytes).
    Removing stm32f4xx_tim.o(i.TIM_UpdateDisableConfig), (20 bytes).
    Removing stm32f4xx_tim.o(i.TIM_UpdateRequestConfig), (20 bytes).
    Removing hmc5883l.o(.rev16_text), (4 bytes).
    Removing hmc5883l.o(.revsh_text), (4 bytes).
    Removing hmc5883l.o(i.HMC5883L_GetDataRate), (24 bytes).
    Removing hmc5883l.o(i.HMC5883L_GetGain), (24 bytes).
    Removing hmc5883l.o(i.HMC5883L_GetLockStatus), (26 bytes).
    Removing hmc5883l.o(i.HMC5883L_GetMeasurementBias), (24 bytes).
    Removing hmc5883l.o(i.HMC5883L_GetMode), (24 bytes).
    Removing hmc5883l.o(i.HMC5883L_GetReadyStatus), (26 bytes).
    Removing hmc5883l.o(i.HMC5883L_GetSampleAveraging), (24 bytes).
    Removing hmc5883l.o(i.HMC5883L_I2C_Init), (2 bytes).
    Removing hmc5883l.o(i.HMC5883L_ReadBit), (30 bytes).
    Removing hmc5883l.o(i.HMC5883L_ReadBits), (48 bytes).
    Removing hmc5883l.o(i.HMC5883L_SetDataRate), (18 bytes).
    Removing hmc5883l.o(i.HMC5883L_SetMeasurementBias), (18 bytes).
    Removing hmc5883l.o(i.HMC5883L_SetSampleAveraging), (18 bytes).
    Removing hmc5883l.o(i.HMC5883L_TestConnection), (50 bytes).
    Removing hmc5883l.o(i.HMC5883L_WriteBit), (54 bytes).
    Removing hmc5883l.o(i.HMC5883L_WriteBits), (66 bytes).
    Removing mpu6050.o(.rev16_text), (4 bytes).
    Removing mpu6050.o(.revsh_text), (4 bytes).
    Removing mpu6050.o(i.MPU6050SelfTest), (636 bytes).
    Removing mpu6050.o(i.MPU6050_GetDeviceID), (24 bytes).
    Removing mpu6050.o(i.MPU6050_GetFullScaleAccelRange), (24 bytes).
    Removing mpu6050.o(i.MPU6050_GetFullScaleGyroRange), (24 bytes).
    Removing mpu6050.o(i.MPU6050_GetSleepModeStatus), (26 bytes).
    Removing mpu6050.o(i.MPU6050_ReadBit), (30 bytes).
    Removing mpu6050.o(i.MPU6050_ReadBits), (48 bytes).
    Removing mpu6050.o(i.MPU6050_TestConnection), (18 bytes).
    Removing mpu6050.o(i.calibrateMPU6050), (1020 bytes).
    Removing mpu6050.o(i.writeByte), (228 bytes).
    Removing systick.o(.rev16_text), (4 bytes).
    Removing systick.o(.revsh_text), (4 bytes).
    Removing systick.o(i.SysTick_GetTickCount), (12 bytes).
    Removing systick.o(i.SysTick_IsReachTimeout), (20 bytes).
    Removing systick.o(i.SysTick_StartTimeout), (12 bytes).
    Removing uart_config.o(.rev16_text), (4 bytes).
    Removing uart_config.o(.revsh_text), (4 bytes).
    Removing dflti.o(.text), (34 bytes).
    Removing dfltui.o(.text), (26 bytes).
    Removing dneg.o(.text), (6 bytes).
    Removing dscalb.o(.text), (46 bytes).
    Removing cdcmple.o(.text), (40 bytes).

260 unused section(s) (total 8490 bytes) removed from the image.

==============================================================================

Image Symbol Table

    Local Symbols

    Symbol Name                              Value     Ov Type        Size  Object(Section)

    ../clib/microlib/division.c              0x00000000   Number         0  uldiv.o ABSOLUTE
    ../clib/microlib/division.c              0x00000000   Number         0  uidiv.o ABSOLUTE
    ../clib/microlib/errno.c                 0x00000000   Number         0  errno.o ABSOLUTE
    ../clib/microlib/init/entry.s            0x00000000   Number         0  entry9b.o ABSOLUTE
    ../clib/microlib/init/entry.s            0x00000000   Number         0  entry10a.o ABSOLUTE
    ../clib/microlib/init/entry.s            0x00000000   Number         0  entry10b.o ABSOLUTE
    ../clib/microlib/init/entry.s            0x00000000   Number         0  entry9a.o ABSOLUTE
    ../clib/microlib/init/entry.s            0x00000000   Number         0  entry.o ABSOLUTE
    ../clib/microlib/init/entry.s            0x00000000   Number         0  entry11a.o ABSOLUTE
    ../clib/microlib/init/entry.s            0x00000000   Number         0  entry11b.o ABSOLUTE
    ../clib/microlib/init/entry.s            0x00000000   Number         0  entry8a.o ABSOLUTE
    ../clib/microlib/init/entry.s            0x00000000   Number         0  entry7b.o ABSOLUTE
    ../clib/microlib/init/entry.s            0x00000000   Number         0  entry8b.o ABSOLUTE
    ../clib/microlib/init/entry.s            0x00000000   Number         0  entry7a.o ABSOLUTE
    ../clib/microlib/init/entry.s            0x00000000   Number         0  entry5.o ABSOLUTE
    ../clib/microlib/init/entry.s            0x00000000   Number         0  entry2.o ABSOLUTE
    ../clib/microlib/longlong.c              0x00000000   Number         0  llsshr.o ABSOLUTE
    ../clib/microlib/longlong.c              0x00000000   Number         0  llushr.o ABSOLUTE
    ../clib/microlib/longlong.c              0x00000000   Number         0  llshl.o ABSOLUTE
    ../clib/microlib/printf/printf.c         0x00000000   Number         0  printf7.o ABSOLUTE
    ../clib/microlib/printf/printf.c         0x00000000   Number         0  printf3.o ABSOLUTE
    ../clib/microlib/printf/printf.c         0x00000000   Number         0  printf2.o ABSOLUTE
    ../clib/microlib/printf/printf.c         0x00000000   Number         0  printf1.o ABSOLUTE
    ../clib/microlib/printf/printf.c         0x00000000   Number         0  printf0.o ABSOLUTE
    ../clib/microlib/printf/printf.c         0x00000000   Number         0  printfb.o ABSOLUTE
    ../clib/microlib/printf/printf.c         0x00000000   Number         0  printfa.o ABSOLUTE
    ../clib/microlib/printf/printf.c         0x00000000   Number         0  printf8.o ABSOLUTE
    ../clib/microlib/printf/printf.c         0x00000000   Number         0  printf6.o ABSOLUTE
    ../clib/microlib/printf/printf.c         0x00000000   Number         0  printf5.o ABSOLUTE
    ../clib/microlib/printf/printf.c         0x00000000   Number         0  printf4.o ABSOLUTE
    ../clib/microlib/printf/stubs.s          0x00000000   Number         0  stubs.o ABSOLUTE
    ../clib/microlib/stdio/fputc.c           0x00000000   Number         0  fputc.o ABSOLUTE
    ../clib/microlib/stdio/semi.s            0x00000000   Number         0  semi.o ABSOLUTE
    ../clib/microlib/stdio/streams.c         0x00000000   Number         0  stdout.o ABSOLUTE
    ../clib/microlib/stubs.s                 0x00000000   Number         0  iusefp.o ABSOLUTE
    ../clib/microlib/stubs.s                 0x00000000   Number         0  iusesemip.o ABSOLUTE
    ../fplib/microlib/d2f.c                  0x00000000   Number         0  d2f.o ABSOLUTE
    ../fplib/microlib/f2d.c                  0x00000000   Number         0  f2d.o ABSOLUTE
    ../fplib/microlib/fpadd.c                0x00000000   Number         0  dadd.o ABSOLUTE
    ../fplib/microlib/fpdiv.c                0x00000000   Number         0  ddiv.o ABSOLUTE
    ../fplib/microlib/fpepilogue.c           0x00000000   Number         0  depilogue.o ABSOLUTE
    ../fplib/microlib/fpepilogue.c           0x00000000   Number         0  fepilogue.o ABSOLUTE
    ../fplib/microlib/fpfix.c                0x00000000   Number         0  dfixul.o ABSOLUTE
    ../fplib/microlib/fpflt.c                0x00000000   Number         0  dflti.o ABSOLUTE
    ../fplib/microlib/fpflt.c                0x00000000   Number         0  dfltui.o ABSOLUTE
    ../fplib/microlib/fpmul.c                0x00000000   Number         0  dmul.o ABSOLUTE
    ../fplib/microlib/fpneg.c                0x00000000   Number         0  dneg.o ABSOLUTE
    ../fplib/microlib/fpscalb.c              0x00000000   Number         0  dscalb.o ABSOLUTE
    ../fplib/microlib/fpsqrt.c               0x00000000   Number         0  dsqrt.o ABSOLUTE
    ../mathlib/asin.c                        0x00000000   Number         0  asin.o ABSOLUTE
    ../mathlib/asin.c                        0x00000000   Number         0  asin_x.o ABSOLUTE
    ../mathlib/atan.c                        0x00000000   Number         0  atan.o ABSOLUTE
    ../mathlib/atan.c                        0x00000000   Number         0  atan_x.o ABSOLUTE
    ../mathlib/atan2.c                       0x00000000   Number         0  atan2_x.o ABSOLUTE
    ../mathlib/atan2.c                       0x00000000   Number         0  atan2.o ABSOLUTE
    ../mathlib/dunder.c                      0x00000000   Number         0  dunder.o ABSOLUTE
    ../mathlib/fabs.c                        0x00000000   Number         0  fabs.o ABSOLUTE
    ../mathlib/fpclassify.c                  0x00000000   Number         0  fpclassify.o ABSOLUTE
    ../mathlib/poly.c                        0x00000000   Number         0  poly.o ABSOLUTE
    ../mathlib/pow.c                         0x00000000   Number         0  pow.o ABSOLUTE
    ../mathlib/pow.c                         0x00000000   Number         0  pow_x.o ABSOLUTE
    ../mathlib/qnan.c                        0x00000000   Number         0  qnan.o ABSOLUTE
    ../mathlib/sqrt.c                        0x00000000   Number         0  sqrt.o ABSOLUTE
    ../mathlib/sqrt.c                        0x00000000   Number         0  sqrt_x.o ABSOLUTE
    ..\Libraries\CMSIS\Device\ST\STM32F4xx\Source\Templates\arm\startup_stm32f4xx.s 0x00000000   Number         0  startup_stm32f4xx.o ABSOLUTE
    ..\Libraries\STM32F4xx_StdPeriph_Driver\src\misc.c 0x00000000   Number         0  misc.o ABSOLUTE
    ..\Libraries\STM32F4xx_StdPeriph_Driver\src\stm32f4xx_gpio.c 0x00000000   Number         0  stm32f4xx_gpio.o ABSOLUTE
    ..\Libraries\STM32F4xx_StdPeriph_Driver\src\stm32f4xx_rcc.c 0x00000000   Number         0  stm32f4xx_rcc.o ABSOLUTE
    ..\Libraries\STM32F4xx_StdPeriph_Driver\src\stm32f4xx_syscfg.c 0x00000000   Number         0  stm32f4xx_syscfg.o ABSOLUTE
    ..\Libraries\STM32F4xx_StdPeriph_Driver\src\stm32f4xx_usart.c 0x00000000   Number         0  stm32f4xx_usart.o ABSOLUTE
    ..\\Libraries\\STM32F4xx_StdPeriph_Driver\\src\\misc.c 0x00000000   Number         0  misc.o ABSOLUTE
    ..\\Libraries\\STM32F4xx_StdPeriph_Driver\\src\\stm32f4xx_gpio.c 0x00000000   Number         0  stm32f4xx_gpio.o ABSOLUTE
    ..\\Libraries\\STM32F4xx_StdPeriph_Driver\\src\\stm32f4xx_rcc.c 0x00000000   Number         0  stm32f4xx_rcc.o ABSOLUTE
    ..\\Libraries\\STM32F4xx_StdPeriph_Driver\\src\\stm32f4xx_syscfg.c 0x00000000   Number         0  stm32f4xx_syscfg.o ABSOLUTE
    ..\\Libraries\\STM32F4xx_StdPeriph_Driver\\src\\stm32f4xx_usart.c 0x00000000   Number         0  stm32f4xx_usart.o ABSOLUTE
    ..\\libraries\\stm32f4xx_stdperiph_driver\\src\\stm32f4xx_i2c.c 0x00000000   Number         0  stm32f4xx_i2c.o ABSOLUTE
    ..\\libraries\\stm32f4xx_stdperiph_driver\\src\\stm32f4xx_tim.c 0x00000000   Number         0  stm32f4xx_tim.o ABSOLUTE
    ..\libraries\stm32f4xx_stdperiph_driver\src\stm32f4xx_i2c.c 0x00000000   Number         0  stm32f4xx_i2c.o ABSOLUTE
    ..\libraries\stm32f4xx_stdperiph_driver\src\stm32f4xx_tim.c 0x00000000   Number         0  stm32f4xx_tim.o ABSOLUTE
    Src\HMC5883L.c                           0x00000000   Number         0  hmc5883l.o ABSOLUTE
    Src\MPU6050.c                            0x00000000   Number         0  mpu6050.o ABSOLUTE
    Src\MadgwickAHRS.c                       0x00000000   Number         0  madgwickahrs.o ABSOLUTE
    Src\Uart_Config.c                        0x00000000   Number         0  uart_config.o ABSOLUTE
    Src\\HMC5883L.c                          0x00000000   Number         0  hmc5883l.o ABSOLUTE
    Src\\MPU6050.c                           0x00000000   Number         0  mpu6050.o ABSOLUTE
    Src\\Uart_Config.c                       0x00000000   Number         0  uart_config.o ABSOLUTE
    Src\\systick.c                           0x00000000   Number         0  systick.o ABSOLUTE
    Src\systick.c                            0x00000000   Number         0  systick.o ABSOLUTE
    User\\main.c                             0x00000000   Number         0  main.o ABSOLUTE
    User\\stm32f4xx_it.c                     0x00000000   Number         0  stm32f4xx_it.o ABSOLUTE
    User\\system_stm32f4xx.c                 0x00000000   Number         0  system_stm32f4xx.o ABSOLUTE
    User\main.c                              0x00000000   Number         0  main.o ABSOLUTE
    User\stm32f4xx_it.c                      0x00000000   Number         0  stm32f4xx_it.o ABSOLUTE
    User\system_stm32f4xx.c                  0x00000000   Number         0  system_stm32f4xx.o ABSOLUTE
    cdcmple.s                                0x00000000   Number         0  cdcmple.o ABSOLUTE
    cdrcmple.s                               0x00000000   Number         0  cdrcmple.o ABSOLUTE
    dc.s                                     0x00000000   Number         0  dc.o ABSOLUTE
    handlers.s                               0x00000000   Number         0  handlers.o ABSOLUTE
    init.s                                   0x00000000   Number         0  init.o ABSOLUTE
    RESET                                    0x08000000   Section      392  startup_stm32f4xx.o(RESET)
    .ARM.Collect$$$$00000000                 0x08000188   Section        0  entry.o(.ARM.Collect$$$$00000000)
    .ARM.Collect$$$$00000001                 0x08000188   Section        4  entry2.o(.ARM.Collect$$$$00000001)
    .ARM.Collect$$$$00000004                 0x0800018c   Section        4  entry5.o(.ARM.Collect$$$$00000004)
    .ARM.Collect$$$$00000008                 0x08000190   Section        0  entry7b.o(.ARM.Collect$$$$00000008)
    .ARM.Collect$$$$0000000A                 0x08000190   Section        0  entry8b.o(.ARM.Collect$$$$0000000A)
    .ARM.Collect$$$$0000000B                 0x08000190   Section        8  entry9a.o(.ARM.Collect$$$$0000000B)
    .ARM.Collect$$$$0000000D                 0x08000198   Section        0  entry10a.o(.ARM.Collect$$$$0000000D)
    .ARM.Collect$$$$0000000F                 0x08000198   Section        0  entry11a.o(.ARM.Collect$$$$0000000F)
    .ARM.Collect$$$$00002712                 0x08000198   Section        4  entry2.o(.ARM.Collect$$$$00002712)
    __lit__00000000                          0x08000198   Data           4  entry2.o(.ARM.Collect$$$$00002712)
    .text                                    0x0800019c   Section       56  startup_stm32f4xx.o(.text)
    $v0                                      0x0800019c   Number         0  startup_stm32f4xx.o(.text)
    .text                                    0x080001d4   Section        0  dadd.o(.text)
    .text                                    0x08000322   Section        0  dmul.o(.text)
    .text                                    0x08000406   Section        0  ddiv.o(.text)
    .text                                    0x080004e4   Section        0  f2d.o(.text)
    .text                                    0x0800050a   Section        0  d2f.o(.text)
    .text                                    0x08000542   Section        0  uidiv.o(.text)
    .text                                    0x0800056e   Section        0  uldiv.o(.text)
    .text                                    0x080005d0   Section        0  llshl.o(.text)
    .text                                    0x080005ee   Section        0  llsshr.o(.text)
    .text                                    0x08000612   Section        0  fepilogue.o(.text)
    .text                                    0x08000612   Section        0  iusefp.o(.text)
    .text                                    0x0800067e   Section        0  depilogue.o(.text)
    .text                                    0x0800073c   Section        0  dsqrt.o(.text)
    .text                                    0x080007de   Section        0  dfixul.o(.text)
    .text                                    0x08000810   Section       40  cdrcmple.o(.text)
    .text                                    0x08000838   Section       36  init.o(.text)
    .text                                    0x0800085c   Section        0  llushr.o(.text)
    i.BusFault_Handler                       0x0800087c   Section        0  stm32f4xx_it.o(i.BusFault_Handler)
    i.DebugMon_Handler                       0x0800087e   Section        0  stm32f4xx_it.o(i.DebugMon_Handler)
    i.Delay                                  0x08000880   Section        0  systick.o(i.Delay)
    i.GPIO_Init                              0x08000890   Section        0  stm32f4xx_gpio.o(i.GPIO_Init)
    i.GPIO_PinAFConfig                       0x08000932   Section        0  stm32f4xx_gpio.o(i.GPIO_PinAFConfig)
    i.GPIO_ToggleBits                        0x08000952   Section        0  stm32f4xx_gpio.o(i.GPIO_ToggleBits)
    i.HMC5883L_GetHeading                    0x0800095c   Section        0  hmc5883l.o(i.HMC5883L_GetHeading)
    i.HMC5883L_I2C_BufferRead                0x080009a8   Section        0  hmc5883l.o(i.HMC5883L_I2C_BufferRead)
    i.HMC5883L_I2C_ByteWrite                 0x08000a98   Section        0  hmc5883l.o(i.HMC5883L_I2C_ByteWrite)
    i.HMC5883L_Initialize                    0x08000b18   Section        0  hmc5883l.o(i.HMC5883L_Initialize)
    i.HMC5883L_SetGain                       0x08000b38   Section        0  hmc5883l.o(i.HMC5883L_SetGain)
    i.HMC5883L_SetMode                       0x08000b4c   Section        0  hmc5883l.o(i.HMC5883L_SetMode)
    i.HardFault_Handler                      0x08000b6c   Section        0  stm32f4xx_it.o(i.HardFault_Handler)
    i.I2C_AcknowledgeConfig                  0x08000b6e   Section        0  stm32f4xx_i2c.o(i.I2C_AcknowledgeConfig)
    i.I2C_CheckEvent                         0x08000b82   Section        0  stm32f4xx_i2c.o(i.I2C_CheckEvent)
    i.I2C_ClearFlag                          0x08000b9a   Section        0  stm32f4xx_i2c.o(i.I2C_ClearFlag)
    i.I2C_ClearITPendingBit                  0x08000ba0   Section        0  stm32f4xx_i2c.o(i.I2C_ClearITPendingBit)
    i.I2C_Cmd                                0x08000ba6   Section        0  stm32f4xx_i2c.o(i.I2C_Cmd)
    i.I2C_Configuration                      0x08000bbc   Section        0  main.o(i.I2C_Configuration)
    i.I2C_DeInit                             0x08000c50   Section        0  stm32f4xx_i2c.o(i.I2C_DeInit)
    i.I2C_GenerateSTART                      0x08000c94   Section        0  stm32f4xx_i2c.o(i.I2C_GenerateSTART)
    i.I2C_GenerateSTOP                       0x08000ca8   Section        0  stm32f4xx_i2c.o(i.I2C_GenerateSTOP)
    i.I2C_GetFlagStatus                      0x08000cbc   Section        0  stm32f4xx_i2c.o(i.I2C_GetFlagStatus)
    i.I2C_Init                               0x08000ce8   Section        0  stm32f4xx_i2c.o(i.I2C_Init)
    i.I2C_ReceiveData                        0x08000d9c   Section        0  stm32f4xx_i2c.o(i.I2C_ReceiveData)
    i.I2C_Send7bitAddress                    0x08000da2   Section        0  stm32f4xx_i2c.o(i.I2C_Send7bitAddress)
    i.I2C_SendData                           0x08000db2   Section        0  stm32f4xx_i2c.o(i.I2C_SendData)
    i.MPU6050_GetRawAccelTempGyro            0x08000db6   Section        0  mpu6050.o(i.MPU6050_GetRawAccelTempGyro)
    i.MPU6050_I2C_BufferRead                 0x08000de0   Section        0  mpu6050.o(i.MPU6050_I2C_BufferRead)
    i.MPU6050_I2C_ByteWrite                  0x08000f70   Section        0  mpu6050.o(i.MPU6050_I2C_ByteWrite)
    i.MPU6050_Initialize                     0x08001054   Section        0  mpu6050.o(i.MPU6050_Initialize)
    i.MPU6050_SetClockSource                 0x08001134   Section        0  mpu6050.o(i.MPU6050_SetClockSource)
    i.MPU6050_SetFullScaleAccelRange         0x08001146   Section        0  mpu6050.o(i.MPU6050_SetFullScaleAccelRange)
    i.MPU6050_SetFullScaleGyroRange          0x08001158   Section        0  mpu6050.o(i.MPU6050_SetFullScaleGyroRange)
    i.MPU6050_SetSleepModeStatus             0x0800116a   Section        0  mpu6050.o(i.MPU6050_SetSleepModeStatus)
    i.MPU6050_WriteBit                       0x08001176   Section        0  mpu6050.o(i.MPU6050_WriteBit)
    i.MPU6050_WriteBits                      0x080011ac   Section        0  mpu6050.o(i.MPU6050_WriteBits)
    i.MadgwickAHRSupdate                     0x080011f0   Section        0  madgwickahrs.o(i.MadgwickAHRSupdate)
    i.MadgwickAHRSupdateIMU                  0x08001664   Section        0  madgwickahrs.o(i.MadgwickAHRSupdateIMU)
    i.MemManage_Handler                      0x08001894   Section        0  stm32f4xx_it.o(i.MemManage_Handler)
    i.NMI_Handler                            0x08001896   Section        0  stm32f4xx_it.o(i.NMI_Handler)
    i.NVIC_Init                              0x08001898   Section        0  misc.o(i.NVIC_Init)
    i.PendSV_Handler                         0x080018fc   Section        0  stm32f4xx_it.o(i.PendSV_Handler)
    i.RCC_AHB1PeriphClockCmd                 0x08001900   Section        0  stm32f4xx_rcc.o(i.RCC_AHB1PeriphClockCmd)
    i.RCC_APB1PeriphClockCmd                 0x08001918   Section        0  stm32f4xx_rcc.o(i.RCC_APB1PeriphClockCmd)
    i.RCC_APB1PeriphResetCmd                 0x08001930   Section        0  stm32f4xx_rcc.o(i.RCC_APB1PeriphResetCmd)
    i.RCC_APB2PeriphClockCmd                 0x08001948   Section        0  stm32f4xx_rcc.o(i.RCC_APB2PeriphClockCmd)
    i.RCC_GetClocksFreq                      0x08001960   Section        0  stm32f4xx_rcc.o(i.RCC_GetClocksFreq)
    i.SVC_Handler                            0x080019f0   Section        0  stm32f4xx_it.o(i.SVC_Handler)
    i.SetSysClock                            0x080019f4   Section        0  system_stm32f4xx.o(i.SetSysClock)
    SetSysClock                              0x080019f5   Thumb Code   162  system_stm32f4xx.o(i.SetSysClock)
    i.Stop_Communication                     0x08001aa8   Section        0  mpu6050.o(i.Stop_Communication)
    i.SysTick_Configuration                  0x08001b68   Section        0  systick.o(i.SysTick_Configuration)
    i.SysTick_Handler                        0x08001bb8   Section        0  systick.o(i.SysTick_Handler)
    i.SystemInit                             0x08001bdc   Section        0  system_stm32f4xx.o(i.SystemInit)
    i.USART_Cmd                              0x08001c38   Section        0  stm32f4xx_usart.o(i.USART_Cmd)
    i.USART_GetFlagStatus                    0x08001c4c   Section        0  stm32f4xx_usart.o(i.USART_GetFlagStatus)
    i.USART_ITConfig                         0x08001c5a   Section        0  stm32f4xx_usart.o(i.USART_ITConfig)
    i.USART_Init                             0x08001c8c   Section        0  stm32f4xx_usart.o(i.USART_Init)
    i.USART_SendData                         0x08001d44   Section        0  stm32f4xx_usart.o(i.USART_SendData)
    i.USART_puts                             0x08001d4c   Section        0  uart_config.o(i.USART_puts)
    i.Uart_Config                            0x08001d74   Section        0  uart_config.o(i.Uart_Config)
    i.UsageFault_Handler                     0x0800217c   Section        0  stm32f4xx_it.o(i.UsageFault_Handler)
    i.__0sprintf                             0x08002180   Section        0  printfa.o(i.__0sprintf)
    i.__ARM_fpclassify                       0x080021a8   Section        0  fpclassify.o(i.__ARM_fpclassify)
    i.__hardfp_asin                          0x080021d8   Section        0  asin.o(i.__hardfp_asin)
    i.__hardfp_atan                          0x08002548   Section        0  atan.o(i.__hardfp_atan)
    i.__hardfp_atan2                         0x08002830   Section        0  atan2.o(i.__hardfp_atan2)
    i.__hardfp_sqrt                          0x08002a10   Section        0  sqrt.o(i.__hardfp_sqrt)
    i.__kernel_poly                          0x08002a8a   Section        0  poly.o(i.__kernel_poly)
    i.__mathlib_dbl_underflow                0x08002b88   Section        0  dunder.o(i.__mathlib_dbl_underflow)
    i.__scatterload_copy                     0x08002ba8   Section       14  handlers.o(i.__scatterload_copy)
    i.__scatterload_null                     0x08002bb6   Section        2  handlers.o(i.__scatterload_null)
    i.__scatterload_zeroinit                 0x08002bb8   Section       14  handlers.o(i.__scatterload_zeroinit)
    i.__set_errno                            0x08002bc8   Section        0  errno.o(i.__set_errno)
    i._fp_digits                             0x08002bd4   Section        0  printfa.o(i._fp_digits)
    _fp_digits                               0x08002bd5   Thumb Code   326  printfa.o(i._fp_digits)
    i._printf_core                           0x08002d30   Section        0  printfa.o(i._printf_core)
    _printf_core                             0x08002d31   Thumb Code  1762  printfa.o(i._printf_core)
    i._printf_post_padding                   0x08003420   Section        0  printfa.o(i._printf_post_padding)
    _printf_post_padding                     0x08003421   Thumb Code    38  printfa.o(i._printf_post_padding)
    i._printf_pre_padding                    0x08003446   Section        0  printfa.o(i._printf_pre_padding)
    _printf_pre_padding                      0x08003447   Thumb Code    48  printfa.o(i._printf_pre_padding)
    i._sputc                                 0x08003476   Section        0  printfa.o(i._sputc)
    _sputc                                   0x08003477   Thumb Code    10  printfa.o(i._sputc)
    i.atan                                   0x08003480   Section        0  atan.o(i.atan)
    i.fabs                                   0x08003490   Section        0  fabs.o(i.fabs)
    i.invSqrt                                0x080034b0   Section        0  madgwickahrs.o(i.invSqrt)
    i.main                                   0x080034dc   Section        0  main.o(i.main)
    i.sqrt                                   0x0800391c   Section        0  sqrt.o(i.sqrt)
    .constdata                               0x08003990   Section       80  asin.o(.constdata)
    pS                                       0x08003990   Data          48  asin.o(.constdata)
    qS                                       0x080039c0   Data          32  asin.o(.constdata)
    .constdata                               0x080039e0   Section      152  atan.o(.constdata)
    atanhi                                   0x080039e0   Data          32  atan.o(.constdata)
    atanlo                                   0x08003a00   Data          32  atan.o(.constdata)
    aTodd                                    0x08003a20   Data          40  atan.o(.constdata)
    aTeven                                   0x08003a48   Data          48  atan.o(.constdata)
    .constdata                               0x08003a78   Section        8  qnan.o(.constdata)
    .data                                    0x20000000   Section      156  main.o(.data)
    .data                                    0x2000009c   Section        4  main.o(.data)
    .data                                    0x200000a0   Section        4  main.o(.data)
    .data                                    0x200000a4   Section       20  system_stm32f4xx.o(.data)
    .data                                    0x200000b8   Section       16  stm32f4xx_rcc.o(.data)
    APBAHBPrescTable                         0x200000b8   Data          16  stm32f4xx_rcc.o(.data)
    .data                                    0x200000c8   Section        1  hmc5883l.o(.data)
    .data                                    0x200000cc   Section        4  mpu6050.o(.data)
    .data                                    0x200000d0   Section       12  systick.o(.data)
    __systemTickTimmingDelay                 0x200000d0   Data           4  systick.o(.data)
    __systemTickCount                        0x200000d4   Data           4  systick.o(.data)
    __systemTickTimeout                      0x200000d8   Data           4  systick.o(.data)
    .data                                    0x200000dc   Section        4  errno.o(.data)
    _errno                                   0x200000dc   Data           4  errno.o(.data)
    .bss                                     0x200000e0   Section       39  main.o(.bss)
    STACK                                    0x20000108   Section     1024  startup_stm32f4xx.o(STACK)

    Global Symbols

    Symbol Name                              Value     Ov Type        Size  Object(Section)

    BuildAttributes$$THM_ISAv4$E$P$D$K$B$S$7EM$VFPi3$EXTD16$VFPS$VFMA$PE$A:L22UL41UL21$X:L11$S22US41US21$IEEE1$IW$USESV6$~STKCKD$USESV7$~SHL$OTIME$ROPI$IEEEX$EBA8$MICROLIB$REQ8$PRES8$EABIv2 0x00000000   Number         0  anon$$obj.o ABSOLUTE
    __ARM_use_no_argv                        0x00000000   Number         0  main.o ABSOLUTE
    _printf_a                                0x00000000   Number         0  stubs.o ABSOLUTE
    _printf_c                                0x00000000   Number         0  stubs.o ABSOLUTE
    _printf_charcount                        0x00000000   Number         0  stubs.o ABSOLUTE
    _printf_d                                0x00000000   Number         0  stubs.o ABSOLUTE
    _printf_e                                0x00000000   Number         0  stubs.o ABSOLUTE
    _printf_f                                0x00000000   Number         0  stubs.o ABSOLUTE
    _printf_flags                            0x00000000   Number         0  stubs.o ABSOLUTE
    _printf_fp_dec                           0x00000000   Number         0  stubs.o ABSOLUTE
    _printf_fp_hex                           0x00000000   Number         0  stubs.o ABSOLUTE
    _printf_g                                0x00000000   Number         0  stubs.o ABSOLUTE
    _printf_i                                0x00000000   Number         0  stubs.o ABSOLUTE
    _printf_int_dec                          0x00000000   Number         0  stubs.o ABSOLUTE
    _printf_l                                0x00000000   Number         0  stubs.o ABSOLUTE
    _printf_lc                               0x00000000   Number         0  stubs.o ABSOLUTE
    _printf_ll                               0x00000000   Number         0  stubs.o ABSOLUTE
    _printf_lld                              0x00000000   Number         0  stubs.o ABSOLUTE
    _printf_lli                              0x00000000   Number         0  stubs.o ABSOLUTE
    _printf_llo                              0x00000000   Number         0  stubs.o ABSOLUTE
    _printf_llu                              0x00000000   Number         0  stubs.o ABSOLUTE
    _printf_llx                              0x00000000   Number         0  stubs.o ABSOLUTE
    _printf_longlong_dec                     0x00000000   Number         0  stubs.o ABSOLUTE
    _printf_longlong_hex                     0x00000000   Number         0  stubs.o ABSOLUTE
    _printf_longlong_oct                     0x00000000   Number         0  stubs.o ABSOLUTE
    _printf_ls                               0x00000000   Number         0  stubs.o ABSOLUTE
    _printf_mbtowc                           0x00000000   Number         0  stubs.o ABSOLUTE
    _printf_n                                0x00000000   Number         0  stubs.o ABSOLUTE
    _printf_o                                0x00000000   Number         0  stubs.o ABSOLUTE
    _printf_p                                0x00000000   Number         0  stubs.o ABSOLUTE
    _printf_percent                          0x00000000   Number         0  stubs.o ABSOLUTE
    _printf_pre_padding                      0x00000000   Number         0  stubs.o ABSOLUTE
    _printf_return_value                     0x00000000   Number         0  stubs.o ABSOLUTE
    _printf_s                                0x00000000   Number         0  stubs.o ABSOLUTE
    _printf_sizespec                         0x00000000   Number         0  stubs.o ABSOLUTE
    _printf_str                              0x00000000   Number         0  stubs.o ABSOLUTE
    _printf_truncate_signed                  0x00000000   Number         0  stubs.o ABSOLUTE
    _printf_truncate_unsigned                0x00000000   Number         0  stubs.o ABSOLUTE
    _printf_u                                0x00000000   Number         0  stubs.o ABSOLUTE
    _printf_wc                               0x00000000   Number         0  stubs.o ABSOLUTE
    _printf_wctomb                           0x00000000   Number         0  stubs.o ABSOLUTE
    _printf_widthprec                        0x00000000   Number         0  stubs.o ABSOLUTE
    _printf_x                                0x00000000   Number         0  stubs.o ABSOLUTE
    __cpp_initialize__aeabi_                  - Undefined Weak Reference
    __cxa_finalize                            - Undefined Weak Reference
    __decompress                              - Undefined Weak Reference
    _clock_init                               - Undefined Weak Reference
    _microlib_exit                            - Undefined Weak Reference
    __Vectors_Size                           0x00000188   Number         0  startup_stm32f4xx.o ABSOLUTE
    __Vectors                                0x08000000   Data           4  startup_stm32f4xx.o(RESET)
    __Vectors_End                            0x08000188   Data           0  startup_stm32f4xx.o(RESET)
    __main                                   0x08000189   Thumb Code     0  entry.o(.ARM.Collect$$$$00000000)
    _main_stk                                0x08000189   Thumb Code     0  entry2.o(.ARM.Collect$$$$00000001)
    _main_scatterload                        0x0800018d   Thumb Code     0  entry5.o(.ARM.Collect$$$$00000004)
    __main_after_scatterload                 0x08000191   Thumb Code     0  entry5.o(.ARM.Collect$$$$00000004)
    _main_clock                              0x08000191   Thumb Code     0  entry7b.o(.ARM.Collect$$$$00000008)
    _main_cpp_init                           0x08000191   Thumb Code     0  entry8b.o(.ARM.Collect$$$$0000000A)
    _main_init                               0x08000191   Thumb Code     0  entry9a.o(.ARM.Collect$$$$0000000B)
    __rt_final_cpp                           0x08000199   Thumb Code     0  entry10a.o(.ARM.Collect$$$$0000000D)
    __rt_final_exit                          0x08000199   Thumb Code     0  entry11a.o(.ARM.Collect$$$$0000000F)
    Reset_Handler                            0x0800019d   Thumb Code    24  startup_stm32f4xx.o(.text)
    ADC_IRQHandler                           0x080001c7   Thumb Code     0  startup_stm32f4xx.o(.text)
    CAN1_RX0_IRQHandler                      0x080001c7   Thumb Code     0  startup_stm32f4xx.o(.text)
    CAN1_RX1_IRQHandler                      0x080001c7   Thumb Code     0  startup_stm32f4xx.o(.text)
    CAN1_SCE_IRQHandler                      0x080001c7   Thumb Code     0  startup_stm32f4xx.o(.text)
    CAN1_TX_IRQHandler                       0x080001c7   Thumb Code     0  startup_stm32f4xx.o(.text)
    CAN2_RX0_IRQHandler                      0x080001c7   Thumb Code     0  startup_stm32f4xx.o(.text)
    CAN2_RX1_IRQHandler                      0x080001c7   Thumb Code     0  startup_stm32f4xx.o(.text)
    CAN2_SCE_IRQHandler                      0x080001c7   Thumb Code     0  startup_stm32f4xx.o(.text)
    CAN2_TX_IRQHandler                       0x080001c7   Thumb Code     0  startup_stm32f4xx.o(.text)
    CRYP_IRQHandler                          0x080001c7   Thumb Code     0  startup_stm32f4xx.o(.text)
    DCMI_IRQHandler                          0x080001c7   Thumb Code     0  startup_stm32f4xx.o(.text)
    DMA1_Stream0_IRQHandler                  0x080001c7   Thumb Code     0  startup_stm32f4xx.o(.text)
    DMA1_Stream1_IRQHandler                  0x080001c7   Thumb Code     0  startup_stm32f4xx.o(.text)
    DMA1_Stream2_IRQHandler                  0x080001c7   Thumb Code     0  startup_stm32f4xx.o(.text)
    DMA1_Stream3_IRQHandler                  0x080001c7   Thumb Code     0  startup_stm32f4xx.o(.text)
    DMA1_Stream4_IRQHandler                  0x080001c7   Thumb Code     0  startup_stm32f4xx.o(.text)
    DMA1_Stream5_IRQHandler                  0x080001c7   Thumb Code     0  startup_stm32f4xx.o(.text)
    DMA1_Stream6_IRQHandler                  0x080001c7   Thumb Code     0  startup_stm32f4xx.o(.text)
    DMA1_Stream7_IRQHandler                  0x080001c7   Thumb Code     0  startup_stm32f4xx.o(.text)
    DMA2_Stream0_IRQHandler                  0x080001c7   Thumb Code     0  startup_stm32f4xx.o(.text)
    DMA2_Stream1_IRQHandler                  0x080001c7   Thumb Code     0  startup_stm32f4xx.o(.text)
    DMA2_Stream2_IRQHandler                  0x080001c7   Thumb Code     0  startup_stm32f4xx.o(.text)
    DMA2_Stream3_IRQHandler                  0x080001c7   Thumb Code     0  startup_stm32f4xx.o(.text)
    DMA2_Stream4_IRQHandler                  0x080001c7   Thumb Code     0  startup_stm32f4xx.o(.text)
    DMA2_Stream5_IRQHandler                  0x080001c7   Thumb Code     0  startup_stm32f4xx.o(.text)
    DMA2_Stream6_IRQHandler                  0x080001c7   Thumb Code     0  startup_stm32f4xx.o(.text)
    DMA2_Stream7_IRQHandler                  0x080001c7   Thumb Code     0  startup_stm32f4xx.o(.text)
    ETH_IRQHandler                           0x080001c7   Thumb Code     0  startup_stm32f4xx.o(.text)
    ETH_WKUP_IRQHandler                      0x080001c7   Thumb Code     0  startup_stm32f4xx.o(.text)
    EXTI0_IRQHandler                         0x080001c7   Thumb Code     0  startup_stm32f4xx.o(.text)
    EXTI15_10_IRQHandler                     0x080001c7   Thumb Code     0  startup_stm32f4xx.o(.text)
    EXTI1_IRQHandler                         0x080001c7   Thumb Code     0  startup_stm32f4xx.o(.text)
    EXTI2_IRQHandler                         0x080001c7   Thumb Code     0  startup_stm32f4xx.o(.text)
    EXTI3_IRQHandler                         0x080001c7   Thumb Code     0  startup_stm32f4xx.o(.text)
    EXTI4_IRQHandler                         0x080001c7   Thumb Code     0  startup_stm32f4xx.o(.text)
    EXTI9_5_IRQHandler                       0x080001c7   Thumb Code     0  startup_stm32f4xx.o(.text)
    FLASH_IRQHandler                         0x080001c7   Thumb Code     0  startup_stm32f4xx.o(.text)
    FPU_IRQHandler                           0x080001c7   Thumb Code     0  startup_stm32f4xx.o(.text)
    FSMC_IRQHandler                          0x080001c7   Thumb Code     0  startup_stm32f4xx.o(.text)
    HASH_RNG_IRQHandler                      0x080001c7   Thumb Code     0  startup_stm32f4xx.o(.text)
    I2C1_ER_IRQHandler                       0x080001c7   Thumb Code     0  startup_stm32f4xx.o(.text)
    I2C1_EV_IRQHandler                       0x080001c7   Thumb Code     0  startup_stm32f4xx.o(.text)
    I2C2_ER_IRQHandler                       0x080001c7   Thumb Code     0  startup_stm32f4xx.o(.text)
    I2C2_EV_IRQHandler                       0x080001c7   Thumb Code     0  startup_stm32f4xx.o(.text)
    I2C3_ER_IRQHandler                       0x080001c7   Thumb Code     0  startup_stm32f4xx.o(.text)
    I2C3_EV_IRQHandler                       0x080001c7   Thumb Code     0  startup_stm32f4xx.o(.text)
    OTG_FS_IRQHandler                        0x080001c7   Thumb Code     0  startup_stm32f4xx.o(.text)
    OTG_FS_WKUP_IRQHandler                   0x080001c7   Thumb Code     0  startup_stm32f4xx.o(.text)
    OTG_HS_EP1_IN_IRQHandler                 0x080001c7   Thumb Code     0  startup_stm32f4xx.o(.text)
    OTG_HS_EP1_OUT_IRQHandler                0x080001c7   Thumb Code     0  startup_stm32f4xx.o(.text)
    OTG_HS_IRQHandler                        0x080001c7   Thumb Code     0  startup_stm32f4xx.o(.text)
    OTG_HS_WKUP_IRQHandler                   0x080001c7   Thumb Code     0  startup_stm32f4xx.o(.text)
    PVD_IRQHandler                           0x080001c7   Thumb Code     0  startup_stm32f4xx.o(.text)
    RCC_IRQHandler                           0x080001c7   Thumb Code     0  startup_stm32f4xx.o(.text)
    RTC_Alarm_IRQHandler                     0x080001c7   Thumb Code     0  startup_stm32f4xx.o(.text)
    RTC_WKUP_IRQHandler                      0x080001c7   Thumb Code     0  startup_stm32f4xx.o(.text)
    SDIO_IRQHandler                          0x080001c7   Thumb Code     0  startup_stm32f4xx.o(.text)
    SPI1_IRQHandler                          0x080001c7   Thumb Code     0  startup_stm32f4xx.o(.text)
    SPI2_IRQHandler                          0x080001c7   Thumb Code     0  startup_stm32f4xx.o(.text)
    SPI3_IRQHandler                          0x080001c7   Thumb Code     0  startup_stm32f4xx.o(.text)
    TAMP_STAMP_IRQHandler                    0x080001c7   Thumb Code     0  startup_stm32f4xx.o(.text)
    TIM1_BRK_TIM9_IRQHandler                 0x080001c7   Thumb Code     0  startup_stm32f4xx.o(.text)
    TIM1_CC_IRQHandler                       0x080001c7   Thumb Code     0  startup_stm32f4xx.o(.text)
    TIM1_TRG_COM_TIM11_IRQHandler            0x080001c7   Thumb Code     0  startup_stm32f4xx.o(.text)
    TIM1_UP_TIM10_IRQHandler                 0x080001c7   Thumb Code     0  startup_stm32f4xx.o(.text)
    TIM2_IRQHandler                          0x080001c7   Thumb Code     0  startup_stm32f4xx.o(.text)
    TIM3_IRQHandler                          0x080001c7   Thumb Code     0  startup_stm32f4xx.o(.text)
    TIM4_IRQHandler                          0x080001c7   Thumb Code     0  startup_stm32f4xx.o(.text)
    TIM5_IRQHandler                          0x080001c7   Thumb Code     0  startup_stm32f4xx.o(.text)
    TIM6_DAC_IRQHandler                      0x080001c7   Thumb Code     0  startup_stm32f4xx.o(.text)
    TIM7_IRQHandler                          0x080001c7   Thumb Code     0  startup_stm32f4xx.o(.text)
    TIM8_BRK_TIM12_IRQHandler                0x080001c7   Thumb Code     0  startup_stm32f4xx.o(.text)
    TIM8_CC_IRQHandler                       0x080001c7   Thumb Code     0  startup_stm32f4xx.o(.text)
    TIM8_TRG_COM_TIM14_IRQHandler            0x080001c7   Thumb Code     0  startup_stm32f4xx.o(.text)
    TIM8_UP_TIM13_IRQHandler                 0x080001c7   Thumb Code     0  startup_stm32f4xx.o(.text)
    UART4_IRQHandler                         0x080001c7   Thumb Code     0  startup_stm32f4xx.o(.text)
    UART5_IRQHandler                         0x080001c7   Thumb Code     0  startup_stm32f4xx.o(.text)
    USART1_IRQHandler                        0x080001c7   Thumb Code     0  startup_stm32f4xx.o(.text)
    USART2_IRQHandler                        0x080001c7   Thumb Code     0  startup_stm32f4xx.o(.text)
    USART3_IRQHandler                        0x080001c7   Thumb Code     0  startup_stm32f4xx.o(.text)
    USART6_IRQHandler                        0x080001c7   Thumb Code     0  startup_stm32f4xx.o(.text)
    WWDG_IRQHandler                          0x080001c7   Thumb Code     0  startup_stm32f4xx.o(.text)
    __aeabi_dadd                             0x080001d5   Thumb Code   322  dadd.o(.text)
    __aeabi_dsub                             0x08000317   Thumb Code     6  dadd.o(.text)
    __aeabi_drsub                            0x0800031d   Thumb Code     6  dadd.o(.text)
    __aeabi_dmul                             0x08000323   Thumb Code   228  dmul.o(.text)
    __aeabi_ddiv                             0x08000407   Thumb Code   222  ddiv.o(.text)
    __aeabi_f2d                              0x080004e5   Thumb Code    38  f2d.o(.text)
    __aeabi_d2f                              0x0800050b   Thumb Code    56  d2f.o(.text)
    __aeabi_uidiv                            0x08000543   Thumb Code     0  uidiv.o(.text)
    __aeabi_uidivmod                         0x08000543   Thumb Code    44  uidiv.o(.text)
    __aeabi_uldivmod                         0x0800056f   Thumb Code    98  uldiv.o(.text)
    __aeabi_llsl                             0x080005d1   Thumb Code    30  llshl.o(.text)
    _ll_shift_l                              0x080005d1   Thumb Code     0  llshl.o(.text)
    __aeabi_lasr                             0x080005ef   Thumb Code    36  llsshr.o(.text)
    _ll_sshift_r                             0x080005ef   Thumb Code     0  llsshr.o(.text)
    __I$use$fp                               0x08000613   Thumb Code     0  iusefp.o(.text)
    _float_round                             0x08000613   Thumb Code    18  fepilogue.o(.text)
    _float_epilogue                          0x08000625   Thumb Code    90  fepilogue.o(.text)
    _double_round                            0x0800067f   Thumb Code    26  depilogue.o(.text)
    _double_epilogue                         0x08000699   Thumb Code   164  depilogue.o(.text)
    _dsqrt                                   0x0800073d   Thumb Code   162  dsqrt.o(.text)
    __aeabi_d2ulz                            0x080007df   Thumb Code    48  dfixul.o(.text)
    __aeabi_cdrcmple                         0x08000811   Thumb Code    38  cdrcmple.o(.text)
    __scatterload                            0x08000839   Thumb Code    28  init.o(.text)
    __scatterload_rt2                        0x08000839   Thumb Code     0  init.o(.text)
    __aeabi_llsr                             0x0800085d   Thumb Code    32  llushr.o(.text)
    _ll_ushift_r                             0x0800085d   Thumb Code     0  llushr.o(.text)
    BusFault_Handler                         0x0800087d   Thumb Code     2  stm32f4xx_it.o(i.BusFault_Handler)
    DebugMon_Handler                         0x0800087f   Thumb Code     2  stm32f4xx_it.o(i.DebugMon_Handler)
    Delay                                    0x08000881   Thumb Code    12  systick.o(i.Delay)
    GPIO_Init                                0x08000891   Thumb Code   162  stm32f4xx_gpio.o(i.GPIO_Init)
    GPIO_PinAFConfig                         0x08000933   Thumb Code    32  stm32f4xx_gpio.o(i.GPIO_PinAFConfig)
    GPIO_ToggleBits                          0x08000953   Thumb Code     8  stm32f4xx_gpio.o(i.GPIO_ToggleBits)
    HMC5883L_GetHeading                      0x0800095d   Thumb Code    72  hmc5883l.o(i.HMC5883L_GetHeading)
    HMC5883L_I2C_BufferRead                  0x080009a9   Thumb Code   226  hmc5883l.o(i.HMC5883L_I2C_BufferRead)
    HMC5883L_I2C_ByteWrite                   0x08000a99   Thumb Code   114  hmc5883l.o(i.HMC5883L_I2C_ByteWrite)
    HMC5883L_Initialize                      0x08000b19   Thumb Code    32  hmc5883l.o(i.HMC5883L_Initialize)
    HMC5883L_SetGain                         0x08000b39   Thumb Code    20  hmc5883l.o(i.HMC5883L_SetGain)
    HMC5883L_SetMode                         0x08000b4d   Thumb Code    26  hmc5883l.o(i.HMC5883L_SetMode)
    HardFault_Handler                        0x08000b6d   Thumb Code     2  stm32f4xx_it.o(i.HardFault_Handler)
    I2C_AcknowledgeConfig                    0x08000b6f   Thumb Code    20  stm32f4xx_i2c.o(i.I2C_AcknowledgeConfig)
    I2C_CheckEvent                           0x08000b83   Thumb Code    24  stm32f4xx_i2c.o(i.I2C_CheckEvent)
    I2C_ClearFlag                            0x08000b9b   Thumb Code     6  stm32f4xx_i2c.o(i.I2C_ClearFlag)
    I2C_ClearITPendingBit                    0x08000ba1   Thumb Code     6  stm32f4xx_i2c.o(i.I2C_ClearITPendingBit)
    I2C_Cmd                                  0x08000ba7   Thumb Code    20  stm32f4xx_i2c.o(i.I2C_Cmd)
    I2C_Configuration                        0x08000bbd   Thumb Code   136  main.o(i.I2C_Configuration)
    I2C_DeInit                               0x08000c51   Thumb Code    56  stm32f4xx_i2c.o(i.I2C_DeInit)
    I2C_GenerateSTART                        0x08000c95   Thumb Code    20  stm32f4xx_i2c.o(i.I2C_GenerateSTART)
    I2C_GenerateSTOP                         0x08000ca9   Thumb Code    20  stm32f4xx_i2c.o(i.I2C_GenerateSTOP)
    I2C_GetFlagStatus                        0x08000cbd   Thumb Code    42  stm32f4xx_i2c.o(i.I2C_GetFlagStatus)
    I2C_Init                                 0x08000ce9   Thumb Code   172  stm32f4xx_i2c.o(i.I2C_Init)
    I2C_ReceiveData                          0x08000d9d   Thumb Code     6  stm32f4xx_i2c.o(i.I2C_ReceiveData)
    I2C_Send7bitAddress                      0x08000da3   Thumb Code    16  stm32f4xx_i2c.o(i.I2C_Send7bitAddress)
    I2C_SendData                             0x08000db3   Thumb Code     4  stm32f4xx_i2c.o(i.I2C_SendData)
    MPU6050_GetRawAccelTempGyro              0x08000db7   Thumb Code    40  mpu6050.o(i.MPU6050_GetRawAccelTempGyro)
    MPU6050_I2C_BufferRead                   0x08000de1   Thumb Code   384  mpu6050.o(i.MPU6050_I2C_BufferRead)
    MPU6050_I2C_ByteWrite                    0x08000f71   Thumb Code   210  mpu6050.o(i.MPU6050_I2C_ByteWrite)
    MPU6050_Initialize                       0x08001055   Thumb Code   224  mpu6050.o(i.MPU6050_Initialize)
    MPU6050_SetClockSource                   0x08001135   Thumb Code    18  mpu6050.o(i.MPU6050_SetClockSource)
    MPU6050_SetFullScaleAccelRange           0x08001147   Thumb Code    18  mpu6050.o(i.MPU6050_SetFullScaleAccelRange)
    MPU6050_SetFullScaleGyroRange            0x08001159   Thumb Code    18  mpu6050.o(i.MPU6050_SetFullScaleGyroRange)
    MPU6050_SetSleepModeStatus               0x0800116b   Thumb Code    12  mpu6050.o(i.MPU6050_SetSleepModeStatus)
    MPU6050_WriteBit                         0x08001177   Thumb Code    54  mpu6050.o(i.MPU6050_WriteBit)
    MPU6050_WriteBits                        0x080011ad   Thumb Code    66  mpu6050.o(i.MPU6050_WriteBits)
    MadgwickAHRSupdate                       0x080011f1   Thumb Code  1138  madgwickahrs.o(i.MadgwickAHRSupdate)
    MadgwickAHRSupdateIMU                    0x08001665   Thumb Code   534  madgwickahrs.o(i.MadgwickAHRSupdateIMU)
    MemManage_Handler                        0x08001895   Thumb Code     2  stm32f4xx_it.o(i.MemManage_Handler)
    NMI_Handler                              0x08001897   Thumb Code     2  stm32f4xx_it.o(i.NMI_Handler)
    NVIC_Init                                0x08001899   Thumb Code    92  misc.o(i.NVIC_Init)
    PendSV_Handler                           0x080018fd   Thumb Code     2  stm32f4xx_it.o(i.PendSV_Handler)
    RCC_AHB1PeriphClockCmd                   0x08001901   Thumb Code    18  stm32f4xx_rcc.o(i.RCC_AHB1PeriphClockCmd)
    RCC_APB1PeriphClockCmd                   0x08001919   Thumb Code    18  stm32f4xx_rcc.o(i.RCC_APB1PeriphClockCmd)
    RCC_APB1PeriphResetCmd                   0x08001931   Thumb Code    18  stm32f4xx_rcc.o(i.RCC_APB1PeriphResetCmd)
    RCC_APB2PeriphClockCmd                   0x08001949   Thumb Code    18  stm32f4xx_rcc.o(i.RCC_APB2PeriphClockCmd)
    RCC_GetClocksFreq                        0x08001961   Thumb Code   132  stm32f4xx_rcc.o(i.RCC_GetClocksFreq)
    SVC_Handler                              0x080019f1   Thumb Code     2  stm32f4xx_it.o(i.SVC_Handler)
    Stop_Communication                       0x08001aa9   Thumb Code   144  mpu6050.o(i.Stop_Communication)
    SysTick_Configuration                    0x08001b69   Thumb Code    68  systick.o(i.SysTick_Configuration)
    SysTick_Handler                          0x08001bb9   Thumb Code    32  systick.o(i.SysTick_Handler)
    SystemInit                               0x08001bdd   Thumb Code    74  system_stm32f4xx.o(i.SystemInit)
    USART_Cmd                                0x08001c39   Thumb Code    20  stm32f4xx_usart.o(i.USART_Cmd)
    USART_GetFlagStatus                      0x08001c4d   Thumb Code    14  stm32f4xx_usart.o(i.USART_GetFlagStatus)
    USART_ITConfig                           0x08001c5b   Thumb Code    48  stm32f4xx_usart.o(i.USART_ITConfig)
    USART_Init                               0x08001c8d   Thumb Code   174  stm32f4xx_usart.o(i.USART_Init)
    USART_SendData                           0x08001d45   Thumb Code     8  stm32f4xx_usart.o(i.USART_SendData)
    USART_puts                               0x08001d4d   Thumb Code    40  uart_config.o(i.USART_puts)
    Uart_Config                              0x08001d75   Thumb Code   988  uart_config.o(i.Uart_Config)
    UsageFault_Handler                       0x0800217d   Thumb Code     2  stm32f4xx_it.o(i.UsageFault_Handler)
    __0sprintf                               0x08002181   Thumb Code    34  printfa.o(i.__0sprintf)
    __1sprintf                               0x08002181   Thumb Code     0  printfa.o(i.__0sprintf)
    __2sprintf                               0x08002181   Thumb Code     0  printfa.o(i.__0sprintf)
    __c89sprintf                             0x08002181   Thumb Code     0  printfa.o(i.__0sprintf)
    sprintf                                  0x08002181   Thumb Code     0  printfa.o(i.__0sprintf)
    __ARM_fpclassify                         0x080021a9   Thumb Code    48  fpclassify.o(i.__ARM_fpclassify)
    __hardfp_asin                            0x080021d9   Thumb Code   774  asin.o(i.__hardfp_asin)
    __hardfp_atan                            0x08002549   Thumb Code   636  atan.o(i.__hardfp_atan)
    __hardfp_atan2                           0x08002831   Thumb Code   416  atan2.o(i.__hardfp_atan2)
    __hardfp_sqrt                            0x08002a11   Thumb Code   122  sqrt.o(i.__hardfp_sqrt)
    __kernel_poly                            0x08002a8b   Thumb Code   248  poly.o(i.__kernel_poly)
    __mathlib_dbl_underflow                  0x08002b89   Thumb Code    24  dunder.o(i.__mathlib_dbl_underflow)
    __scatterload_copy                       0x08002ba9   Thumb Code    14  handlers.o(i.__scatterload_copy)
    __scatterload_null                       0x08002bb7   Thumb Code     2  handlers.o(i.__scatterload_null)
    __scatterload_zeroinit                   0x08002bb9   Thumb Code    14  handlers.o(i.__scatterload_zeroinit)
    __set_errno                              0x08002bc9   Thumb Code     6  errno.o(i.__set_errno)
    atan                                     0x08003481   Thumb Code    16  atan.o(i.atan)
    fabs                                     0x08003491   Thumb Code    32  fabs.o(i.fabs)
    invSqrt                                  0x080034b1   Thumb Code    40  madgwickahrs.o(i.invSqrt)
    main                                     0x080034dd   Thumb Code  1018  main.o(i.main)
    sqrt                                     0x0800391d   Thumb Code   110  sqrt.o(i.sqrt)
    __mathlib_zero                           0x08003a78   Data           8  qnan.o(.constdata)
    Region$$Table$$Base                      0x08003a80   Number         0  anon$$obj.o(Region$$Table)
    Region$$Table$$Limit                     0x08003aa0   Number         0  anon$$obj.o(Region$$Table)
    Check_Get_Data                           0x20000000   Data           1  main.o(.data)
    time                                     0x20000002   Data           2  main.o(.data)
    Gyro_X                                   0x20000004   Data           4  main.o(.data)
    Gyro_Y                                   0x20000008   Data           4  main.o(.data)
    Gyro_Z                                   0x2000000c   Data           4  main.o(.data)
    Acc_X                                    0x20000010   Data           4  main.o(.data)
    Acc_Y                                    0x20000014   Data           4  main.o(.data)
    Acc_Z                                    0x20000018   Data           4  main.o(.data)
    Mag_X                                    0x2000001c   Data           4  main.o(.data)
    Mag_Y                                    0x20000020   Data           4  main.o(.data)
    Mag_Z                                    0x20000024   Data           4  main.o(.data)
    Roll                                     0x20000028   Data           4  main.o(.data)
    Pitch                                    0x2000002c   Data           4  main.o(.data)
    Yaw                                      0x20000030   Data           4  main.o(.data)
    q0                                       0x20000034   Data           4  main.o(.data)
    q1                                       0x20000038   Data           4  main.o(.data)
    q2                                       0x2000003c   Data           4  main.o(.data)
    q3                                       0x20000040   Data           4  main.o(.data)
    HMC                                      0x20000044   Data           6  main.o(.data)
    GPIO_InitStructure                       0x2000004c   Data           8  main.o(.data)
    Gyro_Bias                                0x20000054   Data          12  main.o(.data)
    Acc_Bias                                 0x20000060   Data          12  main.o(.data)
    MAG_MATRIX                               0x2000006c   Data          36  main.o(.data)
    MAG_BIAS                                 0x20000090   Data          12  main.o(.data)
    beta                                     0x2000009c   Data           4  main.o(.data)
    Delta_T                                  0x200000a0   Data           4  main.o(.data)
    SystemCoreClock                          0x200000a4   Data           4  system_stm32f4xx.o(.data)
    AHBPrescTable                            0x200000a8   Data          16  system_stm32f4xx.o(.data)
    HMC5883Lmode                             0x200000c8   Data           1  hmc5883l.o(.data)
    I2C_TIME_OUT                             0x200000cc   Data           4  mpu6050.o(.data)
    MPU6050data                              0x200000e0   Data          14  main.o(.bss)
    str                                      0x200000ee   Data          25  main.o(.bss)
    __initial_sp                             0x20000508   Data           0  startup_stm32f4xx.o(STACK)



==============================================================================

Memory Map of the image

  Image Entry point : 0x08000189

  Load Region LR_IROM1 (Base: 0x08000000, Size: 0x00003b80, Max: 0x00100000, ABSOLUTE)

    Execution Region ER_IROM1 (Base: 0x08000000, Size: 0x00003aa0, Max: 0x00100000, ABSOLUTE)

    Base Addr    Size         Type   Attr      Idx    E Section Name        Object

    0x08000000   0x00000188   Data   RO          388    RESET               startup_stm32f4xx.o
    0x08000188   0x00000000   Code   RO         2272  * .ARM.Collect$$$$00000000  mc_w.l(entry.o)
    0x08000188   0x00000004   Code   RO         2577    .ARM.Collect$$$$00000001  mc_w.l(entry2.o)
    0x0800018c   0x00000004   Code   RO         2580    .ARM.Collect$$$$00000004  mc_w.l(entry5.o)
    0x08000190   0x00000000   Code   RO         2582    .ARM.Collect$$$$00000008  mc_w.l(entry7b.o)
    0x08000190   0x00000000   Code   RO         2584    .ARM.Collect$$$$0000000A  mc_w.l(entry8b.o)
    0x08000190   0x00000008   Code   RO         2585    .ARM.Collect$$$$0000000B  mc_w.l(entry9a.o)
    0x08000198   0x00000000   Code   RO         2587    .ARM.Collect$$$$0000000D  mc_w.l(entry10a.o)
    0x08000198   0x00000000   Code   RO         2589    .ARM.Collect$$$$0000000F  mc_w.l(entry11a.o)
    0x08000198   0x00000004   Code   RO         2578    .ARM.Collect$$$$00002712  mc_w.l(entry2.o)
    0x0800019c   0x00000038   Code   RO          389    .text               startup_stm32f4xx.o
    0x080001d4   0x0000014e   Code   RO         2536    .text               mf_w.l(dadd.o)
    0x08000322   0x000000e4   Code   RO         2538    .text               mf_w.l(dmul.o)
    0x08000406   0x000000de   Code   RO         2540    .text               mf_w.l(ddiv.o)
    0x080004e4   0x00000026   Code   RO         2546    .text               mf_w.l(f2d.o)
    0x0800050a   0x00000038   Code   RO         2548    .text               mf_w.l(d2f.o)
    0x08000542   0x0000002c   Code   RO         2594    .text               mc_w.l(uidiv.o)
    0x0800056e   0x00000062   Code   RO         2596    .text               mc_w.l(uldiv.o)
    0x080005d0   0x0000001e   Code   RO         2598    .text               mc_w.l(llshl.o)
    0x080005ee   0x00000024   Code   RO         2600    .text               mc_w.l(llsshr.o)
    0x08000612   0x00000000   Code   RO         2609    .text               mc_w.l(iusefp.o)
    0x08000612   0x0000006c   Code   RO         2610    .text               mf_w.l(fepilogue.o)
    0x0800067e   0x000000be   Code   RO         2612    .text               mf_w.l(depilogue.o)
    0x0800073c   0x000000a2   Code   RO         2618    .text               mf_w.l(dsqrt.o)
    0x080007de   0x00000030   Code   RO         2620    .text               mf_w.l(dfixul.o)
    0x0800080e   0x00000002   PAD
    0x08000810   0x00000028   Code   RO         2624    .text               mf_w.l(cdrcmple.o)
    0x08000838   0x00000024   Code   RO         2626    .text               mc_w.l(init.o)
    0x0800085c   0x00000020   Code   RO         2629    .text               mc_w.l(llushr.o)
    0x0800087c   0x00000002   Code   RO          178    i.BusFault_Handler  stm32f4xx_it.o
    0x0800087e   0x00000002   Code   RO          179    i.DebugMon_Handler  stm32f4xx_it.o
    0x08000880   0x00000010   Code   RO         2134    i.Delay             systick.o
    0x08000890   0x000000a2   Code   RO          440    i.GPIO_Init         stm32f4xx_gpio.o
    0x08000932   0x00000020   Code   RO          441    i.GPIO_PinAFConfig  stm32f4xx_gpio.o
    0x08000952   0x00000008   Code   RO          450    i.GPIO_ToggleBits   stm32f4xx_gpio.o
    0x0800095a   0x00000002   PAD
    0x0800095c   0x0000004c   Code   RO         1816    i.HMC5883L_GetHeading  hmc5883l.o
    0x080009a8   0x000000f0   Code   RO         1822    i.HMC5883L_I2C_BufferRead  hmc5883l.o
    0x08000a98   0x00000080   Code   RO         1823    i.HMC5883L_I2C_ByteWrite  hmc5883l.o
    0x08000b18   0x00000020   Code   RO         1825    i.HMC5883L_Initialize  hmc5883l.o
    0x08000b38   0x00000014   Code   RO         1829    i.HMC5883L_SetGain  hmc5883l.o
    0x08000b4c   0x00000020   Code   RO         1831    i.HMC5883L_SetMode  hmc5883l.o
    0x08000b6c   0x00000002   Code   RO          180    i.HardFault_Handler  stm32f4xx_it.o
    0x08000b6e   0x00000014   Code   RO         1056    i.I2C_AcknowledgeConfig  stm32f4xx_i2c.o
    0x08000b82   0x00000018   Code   RO         1058    i.I2C_CheckEvent    stm32f4xx_i2c.o
    0x08000b9a   0x00000006   Code   RO         1059    i.I2C_ClearFlag     stm32f4xx_i2c.o
    0x08000ba0   0x00000006   Code   RO         1060    i.I2C_ClearITPendingBit  stm32f4xx_i2c.o
    0x08000ba6   0x00000014   Code   RO         1061    i.I2C_Cmd           stm32f4xx_i2c.o
    0x08000bba   0x00000002   PAD
    0x08000bbc   0x00000094   Code   RO            3    i.I2C_Configuration  main.o
    0x08000c50   0x00000044   Code   RO         1064    i.I2C_DeInit        stm32f4xx_i2c.o
    0x08000c94   0x00000014   Code   RO         1068    i.I2C_GenerateSTART  stm32f4xx_i2c.o
    0x08000ca8   0x00000014   Code   RO         1069    i.I2C_GenerateSTOP  stm32f4xx_i2c.o
    0x08000cbc   0x0000002a   Code   RO         1070    i.I2C_GetFlagStatus  stm32f4xx_i2c.o
    0x08000ce6   0x00000002   PAD
    0x08000ce8   0x000000b4   Code   RO         1075    i.I2C_Init          stm32f4xx_i2c.o
    0x08000d9c   0x00000006   Code   RO         1080    i.I2C_ReceiveData   stm32f4xx_i2c.o
    0x08000da2   0x00000010   Code   RO         1082    i.I2C_Send7bitAddress  stm32f4xx_i2c.o
    0x08000db2   0x00000004   Code   RO         1083    i.I2C_SendData      stm32f4xx_i2c.o
    0x08000db6   0x00000028   Code   RO         1994    i.MPU6050_GetRawAccelTempGyro  mpu6050.o
    0x08000dde   0x00000002   PAD
    0x08000de0   0x00000190   Code   RO         1996    i.MPU6050_I2C_BufferRead  mpu6050.o
    0x08000f70   0x000000e4   Code   RO         1997    i.MPU6050_I2C_ByteWrite  mpu6050.o
    0x08001054   0x000000e0   Code   RO         1998    i.MPU6050_Initialize  mpu6050.o
    0x08001134   0x00000012   Code   RO         2001    i.MPU6050_SetClockSource  mpu6050.o
    0x08001146   0x00000012   Code   RO         2002    i.MPU6050_SetFullScaleAccelRange  mpu6050.o
    0x08001158   0x00000012   Code   RO         2003    i.MPU6050_SetFullScaleGyroRange  mpu6050.o
    0x0800116a   0x0000000c   Code   RO         2004    i.MPU6050_SetSleepModeStatus  mpu6050.o
    0x08001176   0x00000036   Code   RO         2006    i.MPU6050_WriteBit  mpu6050.o
    0x080011ac   0x00000042   Code   RO         2007    i.MPU6050_WriteBits  mpu6050.o
    0x080011ee   0x00000002   PAD
    0x080011f0   0x00000472   Code   RO         1962    i.MadgwickAHRSupdate  madgwickahrs.o
    0x08001662   0x00000002   PAD
    0x08001664   0x00000230   Code   RO         1963    i.MadgwickAHRSupdateIMU  madgwickahrs.o
    0x08001894   0x00000002   Code   RO          181    i.MemManage_Handler  stm32f4xx_it.o
    0x08001896   0x00000002   Code   RO          182    i.NMI_Handler       stm32f4xx_it.o
    0x08001898   0x00000064   Code   RO          395    i.NVIC_Init         misc.o
    0x080018fc   0x00000002   Code   RO          183    i.PendSV_Handler    stm32f4xx_it.o
    0x080018fe   0x00000002   PAD
    0x08001900   0x00000018   Code   RO          537    i.RCC_AHB1PeriphClockCmd  stm32f4xx_rcc.o
    0x08001918   0x00000018   Code   RO          546    i.RCC_APB1PeriphClockCmd  stm32f4xx_rcc.o
    0x08001930   0x00000018   Code   RO          548    i.RCC_APB1PeriphResetCmd  stm32f4xx_rcc.o
    0x08001948   0x00000018   Code   RO          549    i.RCC_APB2PeriphClockCmd  stm32f4xx_rcc.o
    0x08001960   0x00000090   Code   RO          558    i.RCC_GetClocksFreq  stm32f4xx_rcc.o
    0x080019f0   0x00000002   Code   RO          184    i.SVC_Handler       stm32f4xx_it.o
    0x080019f2   0x00000002   PAD
    0x080019f4   0x000000b4   Code   RO          351    i.SetSysClock       system_stm32f4xx.o
    0x08001aa8   0x000000c0   Code   RO         2008    i.Stop_Communication  mpu6050.o
    0x08001b68   0x00000050   Code   RO         2135    i.SysTick_Configuration  systick.o
    0x08001bb8   0x00000024   Code   RO         2137    i.SysTick_Handler   systick.o
    0x08001bdc   0x0000005c   Code   RO          353    i.SystemInit        system_stm32f4xx.o
    0x08001c38   0x00000014   Code   RO          871    i.USART_Cmd         stm32f4xx_usart.o
    0x08001c4c   0x0000000e   Code   RO          874    i.USART_GetFlagStatus  stm32f4xx_usart.o
    0x08001c5a   0x00000030   Code   RO          877    i.USART_ITConfig    stm32f4xx_usart.o
    0x08001c8a   0x00000002   PAD
    0x08001c8c   0x000000b8   Code   RO          878    i.USART_Init        stm32f4xx_usart.o
    0x08001d44   0x00000008   Code   RO          888    i.USART_SendData    stm32f4xx_usart.o
    0x08001d4c   0x00000028   Code   RO         2193    i.USART_puts        uart_config.o
    0x08001d74   0x00000408   Code   RO         2194    i.Uart_Config       uart_config.o
    0x0800217c   0x00000002   Code   RO          185    i.UsageFault_Handler  stm32f4xx_it.o
    0x0800217e   0x00000002   PAD
    0x08002180   0x00000028   Code   RO         2510    i.__0sprintf        mc_w.l(printfa.o)
    0x080021a8   0x00000030   Code   RO         2572    i.__ARM_fpclassify  m_wm.l(fpclassify.o)
    0x080021d8   0x00000370   Code   RO         2220    i.__hardfp_asin     m_wm.l(asin.o)
    0x08002548   0x000002e8   Code   RO         2550    i.__hardfp_atan     m_wm.l(atan.o)
    0x08002830   0x000001e0   Code   RO         2234    i.__hardfp_atan2    m_wm.l(atan2.o)
    0x08002a10   0x0000007a   Code   RO         2260    i.__hardfp_sqrt     m_wm.l(sqrt.o)
    0x08002a8a   0x000000f8   Code   RO         2574    i.__kernel_poly     m_wm.l(poly.o)
    0x08002b82   0x00000006   PAD
    0x08002b88   0x00000020   Code   RO         2564    i.__mathlib_dbl_underflow  m_wm.l(dunder.o)
    0x08002ba8   0x0000000e   Code   RO         2634    i.__scatterload_copy  mc_w.l(handlers.o)
    0x08002bb6   0x00000002   Code   RO         2635    i.__scatterload_null  mc_w.l(handlers.o)
    0x08002bb8   0x0000000e   Code   RO         2636    i.__scatterload_zeroinit  mc_w.l(handlers.o)
    0x08002bc6   0x00000002   PAD
    0x08002bc8   0x0000000c   Code   RO         2604    i.__set_errno       mc_w.l(errno.o)
    0x08002bd4   0x0000015c   Code   RO         2515    i._fp_digits        mc_w.l(printfa.o)
    0x08002d30   0x000006f0   Code   RO         2516    i._printf_core      mc_w.l(printfa.o)
    0x08003420   0x00000026   Code   RO         2517    i._printf_post_padding  mc_w.l(printfa.o)
    0x08003446   0x00000030   Code   RO         2518    i._printf_pre_padding  mc_w.l(printfa.o)
    0x08003476   0x0000000a   Code   RO         2520    i._sputc            mc_w.l(printfa.o)
    0x08003480   0x00000010   Code   RO         2552    i.atan              m_wm.l(atan.o)
    0x08003490   0x00000020   Code   RO         2568    i.fabs              m_wm.l(fabs.o)
    0x080034b0   0x0000002c   Code   RO         1964    i.invSqrt           madgwickahrs.o
    0x080034dc   0x00000440   Code   RO            4    i.main              main.o
    0x0800391c   0x0000006e   Code   RO         2262    i.sqrt              m_wm.l(sqrt.o)
    0x0800398a   0x00000006   PAD
    0x08003990   0x00000050   Data   RO         2223    .constdata          m_wm.l(asin.o)
    0x080039e0   0x00000098   Data   RO         2553    .constdata          m_wm.l(atan.o)
    0x08003a78   0x00000008   Data   RO         2576    .constdata          m_wm.l(qnan.o)
    0x08003a80   0x00000020   Data   RO         2632    Region$$Table       anon$$obj.o


    Execution Region RW_IRAM1 (Base: 0x20000000, Size: 0x00000508, Max: 0x00020000, ABSOLUTE)

    Base Addr    Size         Type   Attr      Idx    E Section Name        Object

    0x20000000   0x0000009c   Data   RW            7    .data               main.o
    0x2000009c   0x00000004   Data   RW            8    .data               main.o
    0x200000a0   0x00000004   Data   RW            9    .data               main.o
    0x200000a4   0x00000014   Data   RW          354    .data               system_stm32f4xx.o
    0x200000b8   0x00000010   Data   RW          581    .data               stm32f4xx_rcc.o
    0x200000c8   0x00000001   Data   RW         1836    .data               hmc5883l.o
    0x200000c9   0x00000003   PAD
    0x200000cc   0x00000004   Data   RW         2011    .data               mpu6050.o
    0x200000d0   0x0000000c   Data   RW         2140    .data               systick.o
    0x200000dc   0x00000004   Data   RW         2605    .data               mc_w.l(errno.o)
    0x200000e0   0x00000027   Zero   RW            5    .bss                main.o
    0x20000107   0x00000001   PAD
    0x20000108   0x00000400   Zero   RW          386    STACK               startup_stm32f4xx.o


==============================================================================

Image component sizes


      Code (inc. data)   RO Data    RW Data    ZI Data      Debug   Object Name

       528         38          0          1          0       3747   hmc5883l.o
      1742         56          0          0          0       3163   madgwickahrs.o
      1236         82          0        164         39      21290   main.o
       100          8          0          0          0        968   misc.o
      1270         82          0          4          0       7076   mpu6050.o
        56         12        392          0       1024        880   startup_stm32f4xx.o
       202          0          0          0          0       2181   stm32f4xx_gpio.o
       432         20          0          0          0       7921   stm32f4xx_i2c.o
        16          0          0          0          0     245516   stm32f4xx_it.o
       240         36          0         16          0       4856   stm32f4xx_rcc.o
       274         10          0          0          0       3789   stm32f4xx_usart.o
       272         36          0         20          0       1621   system_stm32f4xx.o
       132         20          0         12          0      28181   systick.o
      1072         50          0          0          0       2371   uart_config.o

    ----------------------------------------------------------------------
      7592        450        424        220       1064     333560   Object Totals
         0          0         32          0          0          0   (incl. Generated)
        20          0          0          3          1          0   (incl. Padding)

    ----------------------------------------------------------------------

      Code (inc. data)   RO Data    RW Data    ZI Data      Debug   Library Member Name

       880        106         80          0          0        200   asin.o
       760        108        152          0          0        344   atan.o
       480         64          0          0          0        156   atan2.o
        32          8          0          0          0        124   dunder.o
        32          0          0          0          0        124   fabs.o
        48          0          0          0          0        124   fpclassify.o
       248          0          0          0          0        152   poly.o
         0          0          8          0          0          0   qnan.o
       232          0          0          0          0        296   sqrt.o
         0          0          0          0          0          0   entry.o
         0          0          0          0          0          0   entry10a.o
         0          0          0          0          0          0   entry11a.o
         8          4          0          0          0          0   entry2.o
         4          0          0          0          0          0   entry5.o
         0          0          0          0          0          0   entry7b.o
         0          0          0          0          0          0   entry8b.o
         8          4          0          0          0          0   entry9a.o
        12          6          0          4          0         68   errno.o
        30          0          0          0          0          0   handlers.o
        36          8          0          0          0         68   init.o
         0          0          0          0          0          0   iusefp.o
        30          0          0          0          0         68   llshl.o
        36          0          0          0          0         68   llsshr.o
        32          0          0          0          0         68   llushr.o
      2260         86          0          0          0        512   printfa.o
        44          0          0          0          0         80   uidiv.o
        98          0          0          0          0         92   uldiv.o
        40          2          0          0          0         68   cdrcmple.o
        56          0          0          0          0         88   d2f.o
       334          0          0          0          0        148   dadd.o
       222          0          0          0          0        100   ddiv.o
       190          0          0          0          0        176   depilogue.o
        48          0          0          0          0         68   dfixul.o
       228          0          0          0          0         96   dmul.o
       162          0          0          0          0        100   dsqrt.o
        38          0          0          0          0         68   f2d.o
       108          0          0          0          0        168   fepilogue.o

    ----------------------------------------------------------------------
      6752        396        240          4          0       3624   Library Totals
        16          0          0          0          0          0   (incl. Padding)

    ----------------------------------------------------------------------

      Code (inc. data)   RO Data    RW Data    ZI Data      Debug   Library Name

      2712        286        240          0          0       1520   m_wm.l
      2598        108          0          4          0       1024   mc_w.l
      1426          2          0          0          0       1080   mf_w.l

    ----------------------------------------------------------------------
      6752        396        240          4          0       3624   Library Totals

    ----------------------------------------------------------------------

==============================================================================


      Code (inc. data)   RO Data    RW Data    ZI Data      Debug   

     14344        846        664        224       1064     329544   Grand Totals
     14344        846        664        224       1064     329544   ELF Image Totals
     14344        846        664        224          0          0   ROM Totals

==============================================================================

    Total RO  Size (Code + RO Data)                15008 (  14.66kB)
    Total RW  Size (RW Data + ZI Data)              1288 (   1.26kB)
    Total ROM Size (Code + RO Data + RW Data)      15232 (  14.88kB)

==============================================================================

